Archive member included to satisfy reference by file (symbol)

c:/users/taisu/.platformio/packages/toolchain-gccarmnoneeabi@1.70201.0/bin/../lib/gcc/arm-none-eabi/7.2.1/../../../../arm-none-eabi/lib/thumb/v7e-m/fpv4-sp/hard\libc_nano.a(lib_a-errno.o)
                              .pio\build\nucleo_g474re\src\syscalls.o (__errno)
c:/users/taisu/.platformio/packages/toolchain-gccarmnoneeabi@1.70201.0/bin/../lib/gcc/arm-none-eabi/7.2.1/../../../../arm-none-eabi/lib/thumb/v7e-m/fpv4-sp/hard\libc_nano.a(lib_a-exit.o)
                              c:/users/taisu/.platformio/packages/toolchain-gccarmnoneeabi@1.70201.0/bin/../lib/gcc/arm-none-eabi/7.2.1/../../../../arm-none-eabi/lib/thumb/v7e-m/fpv4-sp/hard/crt0.o (exit)
c:/users/taisu/.platformio/packages/toolchain-gccarmnoneeabi@1.70201.0/bin/../lib/gcc/arm-none-eabi/7.2.1/../../../../arm-none-eabi/lib/thumb/v7e-m/fpv4-sp/hard\libc_nano.a(lib_a-impure.o)
                              c:/users/taisu/.platformio/packages/toolchain-gccarmnoneeabi@1.70201.0/bin/../lib/gcc/arm-none-eabi/7.2.1/../../../../arm-none-eabi/lib/thumb/v7e-m/fpv4-sp/hard\libc_nano.a(lib_a-exit.o) (_global_impure_ptr)
c:/users/taisu/.platformio/packages/toolchain-gccarmnoneeabi@1.70201.0/bin/../lib/gcc/arm-none-eabi/7.2.1/../../../../arm-none-eabi/lib/thumb/v7e-m/fpv4-sp/hard\libc_nano.a(lib_a-init.o)
                              c:/users/taisu/.platformio/packages/toolchain-gccarmnoneeabi@1.70201.0/bin/../lib/gcc/arm-none-eabi/7.2.1/../../../../arm-none-eabi/lib/thumb/v7e-m/fpv4-sp/hard/crt0.o (__libc_init_array)
c:/users/taisu/.platformio/packages/toolchain-gccarmnoneeabi@1.70201.0/bin/../lib/gcc/arm-none-eabi/7.2.1/../../../../arm-none-eabi/lib/thumb/v7e-m/fpv4-sp/hard\libc_nano.a(lib_a-memset.o)
                              c:/users/taisu/.platformio/packages/toolchain-gccarmnoneeabi@1.70201.0/bin/../lib/gcc/arm-none-eabi/7.2.1/../../../../arm-none-eabi/lib/thumb/v7e-m/fpv4-sp/hard/crt0.o (memset)
c:/users/taisu/.platformio/packages/toolchain-gccarmnoneeabi@1.70201.0/bin/../lib/gcc/arm-none-eabi/7.2.1/../../../../arm-none-eabi/lib/thumb/v7e-m/fpv4-sp/hard\libc_nano.a(lib_a-nano-vfprintf_float.o)
                              (_printf_float)
c:/users/taisu/.platformio/packages/toolchain-gccarmnoneeabi@1.70201.0/bin/../lib/gcc/arm-none-eabi/7.2.1/../../../../arm-none-eabi/lib/thumb/v7e-m/fpv4-sp/hard\libc_nano.a(lib_a-nano-vfprintf_i.o)
                              c:/users/taisu/.platformio/packages/toolchain-gccarmnoneeabi@1.70201.0/bin/../lib/gcc/arm-none-eabi/7.2.1/../../../../arm-none-eabi/lib/thumb/v7e-m/fpv4-sp/hard\libc_nano.a(lib_a-nano-vfprintf_float.o) (_printf_common)
c:/users/taisu/.platformio/packages/toolchain-gccarmnoneeabi@1.70201.0/bin/../lib/gcc/arm-none-eabi/7.2.1/../../../../arm-none-eabi/lib/thumb/v7e-m/fpv4-sp/hard\libc_nano.a(lib_a-nano-vfscanf_float.o)
                              (_scanf_float)
c:/users/taisu/.platformio/packages/toolchain-gccarmnoneeabi@1.70201.0/bin/../lib/gcc/arm-none-eabi/7.2.1/../../../../arm-none-eabi/lib/thumb/v7e-m/fpv4-sp/hard\libc_nano.a(lib_a-sf_nan.o)
                              c:/users/taisu/.platformio/packages/toolchain-gccarmnoneeabi@1.70201.0/bin/../lib/gcc/arm-none-eabi/7.2.1/../../../../arm-none-eabi/lib/thumb/v7e-m/fpv4-sp/hard\libc_nano.a(lib_a-nano-vfscanf_float.o) (nanf)
c:/users/taisu/.platformio/packages/toolchain-gccarmnoneeabi@1.70201.0/bin/../lib/gcc/arm-none-eabi/7.2.1/../../../../arm-none-eabi/lib/thumb/v7e-m/fpv4-sp/hard\libc_nano.a(lib_a-sprintf.o)
                              c:/users/taisu/.platformio/packages/toolchain-gccarmnoneeabi@1.70201.0/bin/../lib/gcc/arm-none-eabi/7.2.1/../../../../arm-none-eabi/lib/thumb/v7e-m/fpv4-sp/hard\libc_nano.a(lib_a-nano-vfscanf_float.o) (sprintf)
c:/users/taisu/.platformio/packages/toolchain-gccarmnoneeabi@1.70201.0/bin/../lib/gcc/arm-none-eabi/7.2.1/../../../../arm-none-eabi/lib/thumb/v7e-m/fpv4-sp/hard\libc_nano.a(lib_a-strlen.o)
                              c:/users/taisu/.platformio/packages/toolchain-gccarmnoneeabi@1.70201.0/bin/../lib/gcc/arm-none-eabi/7.2.1/../../../../arm-none-eabi/lib/thumb/v7e-m/fpv4-sp/hard\libc_nano.a(lib_a-nano-vfprintf_float.o) (strlen)
c:/users/taisu/.platformio/packages/toolchain-gccarmnoneeabi@1.70201.0/bin/../lib/gcc/arm-none-eabi/7.2.1/../../../../arm-none-eabi/lib/thumb/v7e-m/fpv4-sp/hard\libc_nano.a(lib_a-strtod.o)
                              c:/users/taisu/.platformio/packages/toolchain-gccarmnoneeabi@1.70201.0/bin/../lib/gcc/arm-none-eabi/7.2.1/../../../../arm-none-eabi/lib/thumb/v7e-m/fpv4-sp/hard\libc_nano.a(lib_a-nano-vfscanf_float.o) (_strtod_r)
c:/users/taisu/.platformio/packages/toolchain-gccarmnoneeabi@1.70201.0/bin/../lib/gcc/arm-none-eabi/7.2.1/../../../../arm-none-eabi/lib/thumb/v7e-m/fpv4-sp/hard\libc_nano.a(lib_a-strtol.o)
[...]
Memory Configuration

Name             Origin             Length             Attributes
RAM              0x20000000         0x00020000         xrw
FLASH            0x08000000         0x00080000         xr
*default*        0x00000000         0xffffffff

Linker script and memory map

LOAD c:/users/taisu/.platformio/packages/toolchain-gccarmnoneeabi@1.70201.0/bin/../lib/gcc/arm-none-eabi/7.2.1/thumb/v7e-m/fpv4-sp/hard/crti.o
LOAD c:/users/taisu/.platformio/packages/toolchain-gccarmnoneeabi@1.70201.0/bin/../lib/gcc/arm-none-eabi/7.2.1/thumb/v7e-m/fpv4-sp/hard/crtbegin.o
LOAD c:/users/taisu/.platformio/packages/toolchain-gccarmnoneeabi@1.70201.0/bin/../lib/gcc/arm-none-eabi/7.2.1/../../../../arm-none-eabi/lib/thumb/v7e-m/fpv4-sp/hard/crt0.o
LOAD .pio\build\nucleo_g474re\FrameworkHALDriver\Src\stm32g4xx_hal.o
LOAD .pio\build\nucleo_g474re\FrameworkHALDriver\Src\stm32g4xx_hal_adc.o
LOAD .pio\build\nucleo_g474re\FrameworkHALDriver\Src\stm32g4xx_hal_adc_ex.o
LOAD .pio\build\nucleo_g474re\FrameworkHALDriver\Src\stm32g4xx_hal_comp.o
LOAD .pio\build\nucleo_g474re\FrameworkHALDriver\Src\stm32g4xx_hal_cordic.o
LOAD .pio\build\nucleo_g474re\FrameworkHALDriver\Src\stm32g4xx_hal_cortex.o
LOAD .pio\build\nucleo_g474re\FrameworkHALDriver\Src\stm32g4xx_hal_crc.o
LOAD .pio\build\nucleo_g474re\FrameworkHALDriver\Src\stm32g4xx_hal_crc_ex.o
LOAD .pio\build\nucleo_g474re\FrameworkHALDriver\Src\stm32g4xx_hal_cryp.o
LOAD .pio\build\nucleo_g474re\FrameworkHALDriver\Src\stm32g4xx_hal_cryp_ex.o
LOAD .pio\build\nucleo_g474re\FrameworkHALDriver\Src\stm32g4xx_hal_dac.o
LOAD .pio\build\nucleo_g474re\FrameworkHALDriver\Src\stm32g4xx_hal_dac_ex.o
LOAD .pio\build\nucleo_g474re\FrameworkHALDriver\Src\stm32g4xx_hal_dma.o
LOAD .pio\build\nucleo_g474re\FrameworkHALDriver\Src\stm32g4xx_hal_dma_ex.o
LOAD .pio\build\nucleo_g474re\FrameworkHALDriver\Src\stm32g4xx_hal_exti.o
LOAD .pio\build\nucleo_g474re\FrameworkHALDriver\Src\stm32g4xx_hal_fdcan.o
LOAD .pio\build\nucleo_g474re\FrameworkHALDriver\Src\stm32g4xx_hal_flash.o
LOAD .pio\build\nucleo_g474re\FrameworkHALDriver\Src\stm32g4xx_hal_flash_ex.o
LOAD .pio\build\nucleo_g474re\FrameworkHALDriver\Src\stm32g4xx_hal_flash_ramfunc.o
LOAD .pio\build\nucleo_g474re\FrameworkHALDriver\Src\stm32g4xx_hal_fmac.o
LOAD .pio\build\nucleo_g474re\FrameworkHALDriver\Src\stm32g4xx_hal_gpio.o
LOAD .pio\build\nucleo_g474re\FrameworkHALDriver\Src\stm32g4xx_hal_hrtim.o
LOAD .pio\build\nucleo_g474re\FrameworkHALDriver\Src\stm32g4xx_hal_i2c.o
LOAD .pio\build\nucleo_g474re\FrameworkHALDriver\Src\stm32g4xx_hal_i2c_ex.o
LOAD .pio\build\nucleo_g474re\FrameworkHALDriver\Src\stm32g4xx_hal_i2s.o
LOAD .pio\build\nucleo_g474re\FrameworkHALDriver\Src\stm32g4xx_hal_irda.o
LOAD .pio\build\nucleo_g474re\FrameworkHALDriver\Src\stm32g4xx_hal_iwdg.o
LOAD .pio\build\nucleo_g474re\FrameworkHALDriver\Src\stm32g4xx_hal_lptim.o
LOAD .pio\build\nucleo_g474re\FrameworkHALDriver\Src\stm32g4xx_hal_nand.o
LOAD .pio\build\nucleo_g474re\FrameworkHALDriver\Src\stm32g4xx_hal_nor.o
LOAD .pio\build\nucleo_g474re\FrameworkHALDriver\Src\stm32g4xx_hal_opamp.o
LOAD .pio\build\nucleo_g474re\FrameworkHALDriver\Src\stm32g4xx_hal_opamp_ex.o
LOAD .pio\build\nucleo_g474re\FrameworkHALDriver\Src\stm32g4xx_hal_pcd.o
LOAD .pio\build\nucleo_g474re\FrameworkHALDriver\Src\stm32g4xx_hal_pcd_ex.o
LOAD .pio\build\nucleo_g474re\FrameworkHALDriver\Src\stm32g4xx_hal_pwr.o
LOAD .pio\build\nucleo_g474re\FrameworkHALDriver\Src\stm32g4xx_hal_pwr_ex.o
LOAD .pio\build\nucleo_g474re\FrameworkHALDriver\Src\stm32g4xx_hal_qspi.o
LOAD .pio\build\nucleo_g474re\FrameworkHALDriver\Src\stm32g4xx_hal_rcc.o
LOAD .pio\build\nucleo_g474re\FrameworkHALDriver\Src\stm32g4xx_hal_rcc_ex.o
LOAD .pio\build\nucleo_g474re\FrameworkHALDriver\Src\stm32g4xx_hal_rng.o
LOAD .pio\build\nucleo_g474re\FrameworkHALDriver\Src\stm32g4xx_hal_rtc.o
LOAD .pio\build\nucleo_g474re\FrameworkHALDriver\Src\stm32g4xx_hal_rtc_ex.o
LOAD .pio\build\nucleo_g474re\FrameworkHALDriver\Src\stm32g4xx_hal_sai.o
LOAD .pio\build\nucleo_g474re\FrameworkHALDriver\Src\stm32g4xx_hal_sai_ex.o
LOAD .pio\build\nucleo_g474re\FrameworkHALDriver\Src\stm32g4xx_hal_smartcard.o
LOAD .pio\build\nucleo_g474re\FrameworkHALDriver\Src\stm32g4xx_hal_smartcard_ex.o
LOAD .pio\build\nucleo_g474re\FrameworkHALDriver\Src\stm32g4xx_hal_smbus.o
LOAD .pio\build\nucleo_g474re\FrameworkHALDriver\Src\stm32g4xx_hal_smbus_ex.o
LOAD .pio\build\nucleo_g474re\FrameworkHALDriver\Src\stm32g4xx_hal_spi.o
LOAD .pio\build\nucleo_g474re\FrameworkHALDriver\Src\stm32g4xx_hal_spi_ex.o
LOAD .pio\build\nucleo_g474re\FrameworkHALDriver\Src\stm32g4xx_hal_sram.o
LOAD .pio\build\nucleo_g474re\FrameworkHALDriver\Src\stm32g4xx_hal_tim.o
LOAD .pio\build\nucleo_g474re\FrameworkHALDriver\Src\stm32g4xx_hal_tim_ex.o
LOAD .pio\build\nucleo_g474re\FrameworkHALDriver\Src\stm32g4xx_hal_uart.o
LOAD .pio\build\nucleo_g474re\FrameworkHALDriver\Src\stm32g4xx_hal_uart_ex.o
LOAD .pio\build\nucleo_g474re\FrameworkHALDriver\Src\stm32g4xx_hal_usart.o
LOAD .pio\build\nucleo_g474re\FrameworkHALDriver\Src\stm32g4xx_hal_usart_ex.o
LOAD .pio\build\nucleo_g474re\FrameworkHALDriver\Src\stm32g4xx_hal_wwdg.o
LOAD .pio\build\nucleo_g474re\FrameworkHALDriver\Src\stm32g4xx_ll_adc.o
LOAD .pio\build\nucleo_g474re\FrameworkHALDriver\Src\stm32g4xx_ll_comp.o
LOAD .pio\build\nucleo_g474re\FrameworkHALDriver\Src\stm32g4xx_ll_cordic.o
LOAD .pio\build\nucleo_g474re\FrameworkHALDriver\Src\stm32g4xx_ll_crc.o
LOAD .pio\build\nucleo_g474re\FrameworkHALDriver\Src\stm32g4xx_ll_crs.o
LOAD .pio\build\nucleo_g474re\FrameworkHALDriver\Src\stm32g4xx_ll_dac.o
LOAD .pio\build\nucleo_g474re\FrameworkHALDriver\Src\stm32g4xx_ll_dma.o
LOAD .pio\build\nucleo_g474re\FrameworkHALDriver\Src\stm32g4xx_ll_exti.o
LOAD .pio\build\nucleo_g474re\FrameworkHALDriver\Src\stm32g4xx_ll_fmac.o
LOAD .pio\build\nucleo_g474re\FrameworkHALDriver\Src\stm32g4xx_ll_fmc.o
LOAD .pio\build\nucleo_g474re\FrameworkHALDriver\Src\stm32g4xx_ll_gpio.o
LOAD .pio\build\nucleo_g474re\FrameworkHALDriver\Src\stm32g4xx_ll_hrtim.o
LOAD .pio\build\nucleo_g474re\FrameworkHALDriver\Src\stm32g4xx_ll_i2c.o
LOAD .pio\build\nucleo_g474re\FrameworkHALDriver\Src\stm32g4xx_ll_lptim.o
LOAD .pio\build\nucleo_g474re\FrameworkHALDriver\Src\stm32g4xx_ll_lpuart.o
LOAD .pio\build\nucleo_g474re\FrameworkHALDriver\Src\stm32g4xx_ll_opamp.o
LOAD .pio\build\nucleo_g474re\FrameworkHALDriver\Src\stm32g4xx_ll_pwr.o
LOAD .pio\build\nucleo_g474re\FrameworkHALDriver\Src\stm32g4xx_ll_rcc.o
LOAD .pio\build\nucleo_g474re\FrameworkHALDriver\Src\stm32g4xx_ll_rng.o
LOAD .pio\build\nucleo_g474re\FrameworkHALDriver\Src\stm32g4xx_ll_rtc.o
LOAD .pio\build\nucleo_g474re\FrameworkHALDriver\Src\stm32g4xx_ll_spi.o
LOAD .pio\build\nucleo_g474re\FrameworkHALDriver\Src\stm32g4xx_ll_tim.o
LOAD .pio\build\nucleo_g474re\FrameworkHALDriver\Src\stm32g4xx_ll_ucpd.o
LOAD .pio\build\nucleo_g474re\FrameworkHALDriver\Src\stm32g4xx_ll_usart.o
LOAD .pio\build\nucleo_g474re\FrameworkHALDriver\Src\stm32g4xx_ll_usb.o
LOAD .pio\build\nucleo_g474re\FrameworkHALDriver\Src\stm32g4xx_ll_utils.o
LOAD .pio\build\nucleo_g474re\src\ControlFunctions.o
LOAD .pio\build\nucleo_g474re\src\GeneralFunctions.o
LOAD .pio\build\nucleo_g474re\src\GlogalVariables.o
LOAD .pio\build\nucleo_g474re\src\SignalReadWrite.o
LOAD .pio\build\nucleo_g474re\src\SixsStep.o
LOAD .pio\build\nucleo_g474re\src\VectorControl.o
LOAD .pio\build\nucleo_g474re\src\adc.o
LOAD .pio\build\nucleo_g474re\src\dac.o
LOAD .pio\build\nucleo_g474re\src\dma.o
LOAD .pio\build\nucleo_g474re\src\gpio.o
LOAD .pio\build\nucleo_g474re\src\main.o
LOAD .pio\build\nucleo_g474re\src\stm32g4xx_hal_msp.o
LOAD .pio\build\nucleo_g474re\src\stm32g4xx_it.o
LOAD .pio\build\nucleo_g474re\src\syscalls.o
LOAD .pio\build\nucleo_g474re\src\sysmem.o
LOAD .pio\build\nucleo_g474re\src\system_stm32g4xx.o
LOAD .pio\build\nucleo_g474re\src\tim.o
LOAD .pio\build\nucleo_g474re\src\usart.o
START GROUP
LOAD c:/users/taisu/.platformio/packages/toolchain-gccarmnoneeabi@1.70201.0/bin/../lib/gcc/arm-none-eabi/7.2.1/../../../../arm-none-eabi/lib/thumb/v7e-m/fpv4-sp/hard\libc_nano.a
LOAD c:/users/taisu/.platformio/packages/toolchain-gccarmnoneeabi@1.70201.0/bin/../lib/gcc/arm-none-eabi/7.2.1/thumb/v7e-m/fpv4-sp/hard\libgcc.a
LOAD c:/users/taisu/.platformio/packages/toolchain-gccarmnoneeabi@1.70201.0/bin/../lib/gcc/arm-none-eabi/7.2.1/../../../../arm-none-eabi/lib/thumb/v7e-m/fpv4-sp/hard\libm.a
LOAD c:/users/taisu/.platformio/packages/toolchain-gccarmnoneeabi@1.70201.0/bin/../lib/gcc/arm-none-eabi/7.2.1/../../../../arm-none-eabi/lib/thumb/v7e-m/fpv4-sp/hard\libstdc++_nano.a
LOAD c:/users/taisu/.platformio/packages/toolchain-gccarmnoneeabi@1.70201.0/bin/../lib/gcc/arm-none-eabi/7.2.1/../../../../arm-none-eabi/lib/thumb/v7e-m/fpv4-sp/hard\libnosys.a
LOAD .pio\build\nucleo_g474re\libFrameworkCMSISDevice.a
END GROUP
START GROUP
LOAD c:/users/taisu/.platformio/packages/toolchain-gccarmnoneeabi@1.70201.0/bin/../lib/gcc/arm-none-eabi/7.2.1/thumb/v7e-m/fpv4-sp/hard\libgcc.a
LOAD c:/users/taisu/.platformio/packages/toolchain-gccarmnoneeabi@1.70201.0/bin/../lib/gcc/arm-none-eabi/7.2.1/../../../../arm-none-eabi/lib/thumb/v7e-m/fpv4-sp/hard\libg_nano.a
LOAD c:/users/taisu/.platformio/packages/toolchain-gccarmnoneeabi@1.70201.0/bin/../lib/gcc/arm-none-eabi/7.2.1/../../../../arm-none-eabi/lib/thumb/v7e-m/fpv4-sp/hard\libc_nano.a
END GROUP
START GROUP
LOAD c:/users/taisu/.platformio/packages/toolchain-gccarmnoneeabi@1.70201.0/bin/../lib/gcc/arm-none-eabi/7.2.1/thumb/v7e-m/fpv4-sp/hard\libgcc.a
LOAD c:/users/taisu/.platformio/packages/toolchain-gccarmnoneeabi@1.70201.0/bin/../lib/gcc/arm-none-eabi/7.2.1/../../../../arm-none-eabi/lib/thumb/v7e-m/fpv4-sp/hard\libc_nano.a
LOAD c:/users/taisu/.platformio/packages/toolchain-gccarmnoneeabi@1.70201.0/bin/../lib/gcc/arm-none-eabi/7.2.1/../../../../arm-none-eabi/lib/thumb/v7e-m/fpv4-sp/hard\libnosys.a
END GROUP
START GROUP
LOAD c:/users/taisu/.platformio/packages/toolchain-gccarmnoneeabi@1.70201.0/bin/../lib/gcc/arm-none-eabi/7.2.1/thumb/v7e-m/fpv4-sp/hard\libgcc.a
LOAD c:/users/taisu/.platformio/packages/toolchain-gccarmnoneeabi@1.70201.0/bin/../lib/gcc/arm-none-eabi/7.2.1/../../../../arm-none-eabi/lib/thumb/v7e-m/fpv4-sp/hard\libc_nano.a
LOAD c:/users/taisu/.platformio/packages/toolchain-gccarmnoneeabi@1.70201.0/bin/../lib/gcc/arm-none-eabi/7.2.1/../../../../arm-none-eabi/lib/thumb/v7e-m/fpv4-sp/hard\libnosys.a
END GROUP
LOAD c:/users/taisu/.platformio/packages/toolchain-gccarmnoneeabi@1.70201.0/bin/../lib/gcc/arm-none-eabi/7.2.1/thumb/v7e-m/fpv4-sp/hard/crtend.o
LOAD c:/users/taisu/.platformio/packages/toolchain-gccarmnoneeabi@1.70201.0/bin/../lib/gcc/arm-none-eabi/7.2.1/thumb/v7e-m/fpv4-sp/hard/crtn.o
                0x20020000                _estack = (ORIGIN (RAM) + LENGTH (RAM))
                0x00000200                _Min_Heap_Size = 0x200
                0x00000400                _Min_Stack_Size = 0x400

.isr_vector     0x08000000      0x1d8
                0x08000000                . = ALIGN (0x4)
 *(.isr_vector)
 .isr_vector    0x08000000      0x1d8 .pio\build\nucleo_g474re\libFrameworkCMSISDevice.a(startup_stm32g474xx.o)
                0x08000000                g_pfnVectors
                0x080001d8                . = ALIGN (0x4)

.text           0x080001e0     0xbe98
                0x080001e0                . = ALIGN (0x4)
 *(.text)
 .text          0x080001e0       0x40 c:/users/taisu/.platformio/packages/toolchain-gccarmnoneeabi@1.70201.0/bin/../lib/gcc/arm-none-eabi/7.2.1/thumb/v7e-m/fpv4-sp/hard/crtbegin.o
 .text          0x08000220       0x10 c:/users/taisu/.platformio/packages/toolchain-gccarmnoneeabi@1.70201.0/bin/../lib/gcc/arm-none-eabi/7.2.1/../../../../arm-none-eabi/lib/thumb/v7e-m/fpv4-sp/hard\libc_nano.a(lib_a-strlen.o)
                0x08000220                strlen
 .text          0x08000230       0xa0 c:/users/taisu/.platformio/packages/toolchain-gccarmnoneeabi@1.70201.0/bin/../lib/gcc/arm-none-eabi/7.2.1/../../../../arm-none-eabi/lib/thumb/v7e-m/fpv4-sp/hard\libc_nano.a(lib_a-memchr.o)
                0x08000230                memchr
 .text          0x080002d0      0x378 c:/users/taisu/.platformio/packages/toolchain-gccarmnoneeabi@1.70201.0/bin/../lib/gcc/arm-none-eabi/7.2.1/thumb/v7e-m/fpv4-sp/hard\libgcc.a(_arm_addsubdf3.o)
                0x080002d0                __aeabi_drsub
                0x080002d8                __aeabi_dsub
                0x080002d8                __subdf3
                0x080002dc                __aeabi_dadd
                0x080002dc                __adddf3
                0x08000554                __floatunsidf
                0x08000554                __aeabi_ui2d
                0x08000574                __floatsidf
                0x08000574                __aeabi_i2d
                0x08000598                __aeabi_f2d
                0x08000598                __extendsfdf2
                0x080005dc                __floatundidf
                0x080005dc                __aeabi_ul2d
                0x080005ec                __floatdidf
                0x080005ec                __aeabi_l2d
 .text          0x08000648      0x424 c:/users/taisu/.platformio/packages/toolchain-gccarmnoneeabi@1.70201.0/bin/../lib/gcc/arm-none-eabi/7.2.1/thumb/v7e-m/fpv4-sp/hard\libgcc.a(_arm_muldivdf3.o)
                0x08000648                __aeabi_dmul
                0x08000648                __muldf3
                0x0800089c                __divdf3
                0x0800089c                __aeabi_ddiv
 .text          0x08000a6c      0x110 c:/users/taisu/.platformio/packages/toolchain-gccarmnoneeabi@1.70201.0/bin/../lib/gcc/arm-none-eabi/7.2.1/thumb/v7e-m/fpv4-sp/hard\libgcc.a(_arm_cmpdf2.o)
                0x08000a6c                __gtdf2
                0x08000a6c                __gedf2
                0x08000a74                __ltdf2
                0x08000a74                __ledf2
                0x08000a7c                __nedf2
                0x08000a7c                __eqdf2
                0x08000a7c                __cmpdf2
                0x08000af8                __aeabi_cdrcmple
                0x08000b08                __aeabi_cdcmpeq
                0x08000b08                __aeabi_cdcmple
                0x08000b18                __aeabi_dcmpeq
                0x08000b2c                __aeabi_dcmplt
                0x08000b40                __aeabi_dcmple
                0x08000b54                __aeabi_dcmpge
                0x08000b68                __aeabi_dcmpgt
 .text          0x08000b7c       0x2c c:/users/taisu/.platformio/packages/toolchain-gccarmnoneeabi@1.70201.0/bin/../lib/gcc/arm-none-eabi/7.2.1/thumb/v7e-m/fpv4-sp/hard\libgcc.a(_arm_unorddf2.o)
                0x08000b7c                __unorddf2
                0x08000b7c                __aeabi_dcmpun
 .text          0x08000ba8       0x50 c:/users/taisu/.platformio/packages/toolchain-gccarmnoneeabi@1.70201.0/bin/../lib/gcc/arm-none-eabi/7.2.1/thumb/v7e-m/fpv4-sp/hard\libgcc.a(_arm_fixdfsi.o)
                0x08000ba8                __aeabi_d2iz
                0x08000ba8                __fixdfsi
 .text          0x08000bf8       0x40 c:/users/taisu/.platformio/packages/toolchain-gccarmnoneeabi@1.70201.0/bin/../lib/gcc/arm-none-eabi/7.2.1/thumb/v7e-m/fpv4-sp/hard\libgcc.a(_arm_fixunsdfsi.o)
                0x08000bf8                __aeabi_d2uiz
                0x08000bf8                __fixunsdfsi
 .text          0x08000c38       0xa0 c:/users/taisu/.platformio/packages/toolchain-gccarmnoneeabi@1.70201.0/bin/../lib/gcc/arm-none-eabi/7.2.1/thumb/v7e-m/fpv4-sp/hard\libgcc.a(_arm_truncdfsf2.o)
                0x08000c38                __truncdfsf2
                0x08000c38                __aeabi_d2f
 .text          0x08000cd8       0x30 c:/users/taisu/.platformio/packages/toolchain-gccarmnoneeabi@1.70201.0/bin/../lib/gcc/arm-none-eabi/7.2.1/thumb/v7e-m/fpv4-sp/hard\libgcc.a(_aeabi_uldivmod.o)
                0x08000cd8                __aeabi_uldivmod
 .text          0x08000d08      0x2cc c:/users/taisu/.platformio/packages/toolchain-gccarmnoneeabi@1.70201.0/bin/../lib/gcc/arm-none-eabi/7.2.1/thumb/v7e-m/fpv4-sp/hard\libgcc.a(_udivmoddi4.o)
                0x08000d08                __udivmoddi4
 .text          0x08000fd4        0x4 c:/users/taisu/.platformio/packages/toolchain-gccarmnoneeabi@1.70201.0/bin/../lib/gcc/arm-none-eabi/7.2.1/thumb/v7e-m/fpv4-sp/hard\libgcc.a(_dvmd_tls.o)
                0x08000fd4                __aeabi_idiv0
                0x08000fd4                __aeabi_ldiv0
 *(.text*)
 .text.HAL_InitTick
                0x08000fd8       0x50 .pio\build\nucleo_g474re\FrameworkHALDriver\Src\stm32g4xx_hal.o
                0x08000fd8                HAL_InitTick
 .text.HAL_Init
                0x08001028       0x1e .pio\build\nucleo_g474re\FrameworkHALDriver\Src\stm32g4xx_hal.o
                0x08001028                HAL_Init
 *fill*         0x08001046        0x2 
 .text.HAL_IncTick
                0x08001048       0x18 .pio\build\nucleo_g474re\FrameworkHALDriver\Src\stm32g4xx_hal.o
                0x08001048                HAL_IncTick
 .text.HAL_GetTick
                0x08001060        0xc .pio\build\nucleo_g474re\FrameworkHALDriver\Src\stm32g4xx_hal.o
                0x08001060                HAL_GetTick
 .text.HAL_Delay
                0x0800106c       0x28 .pio\build\nucleo_g474re\FrameworkHALDriver\Src\stm32g4xx_hal.o
                0x0800106c                HAL_Delay
 .text.HAL_ADC_Init
                0x08001094      0x2cc .pio\build\nucleo_g474re\FrameworkHALDriver\Src\stm32g4xx_hal_adc.o
                0x08001094                HAL_ADC_Init
 .text.HAL_ADC_ConvCpltCallback
                0x08001360        0x2 .pio\build\nucleo_g474re\FrameworkHALDriver\Src\stm32g4xx_hal_adc.o
                0x08001360                HAL_ADC_ConvCpltCallback
 .text.HAL_ADC_ConvHalfCpltCallback
                0x08001362        0x2 .pio\build\nucleo_g474re\FrameworkHALDriver\Src\stm32g4xx_hal_adc.o
                0x08001362                HAL_ADC_ConvHalfCpltCallback
 .text.ADC_DMAHalfConvCplt
                0x08001364        0xa .pio\build\nucleo_g474re\FrameworkHALDriver\Src\stm32g4xx_hal_adc.o
                0x08001364                ADC_DMAHalfConvCplt
 .text.HAL_ADC_LevelOutOfWindowCallback
                0x0800136e        0x2 .pio\build\nucleo_g474re\FrameworkHALDriver\Src\stm32g4xx_hal_adc.o
                0x0800136e                HAL_ADC_LevelOutOfWindowCallback
 .text.HAL_ADC_ErrorCallback
                0x08001370        0x2 .pio\build\nucleo_g474re\FrameworkHALDriver\Src\stm32g4xx_hal_adc.o
                0x08001370                HAL_ADC_ErrorCallback
 *fill*         0x08001372        0x2 
 .text.HAL_ADC_IRQHandler
                0x08001374      0x2e0 .pio\build\nucleo_g474re\FrameworkHALDriver\Src\stm32g4xx_hal_adc.o
                0x08001374                HAL_ADC_IRQHandler
 .text.ADC_DMAConvCplt
                0x08001654       0x88 .pio\build\nucleo_g474re\FrameworkHALDriver\Src\stm32g4xx_hal_adc.o
                0x08001654                ADC_DMAConvCplt
 .text.ADC_DMAError
                0x080016dc       0x1a .pio\build\nucleo_g474re\FrameworkHALDriver\Src\stm32g4xx_hal_adc.o
                0x080016dc                ADC_DMAError
 *fill*         0x080016f6        0x2 
 .text.HAL_ADC_ConfigChannel
                0x080016f8      0x534 .pio\build\nucleo_g474re\FrameworkHALDriver\Src\stm32g4xx_hal_adc.o
                0x080016f8                HAL_ADC_ConfigChannel
 .text.ADC_Enable
                0x08001c2c       0x98 .pio\build\nucleo_g474re\FrameworkHALDriver\Src\stm32g4xx_hal_adc.o
                0x08001c2c                ADC_Enable
 .text.HAL_ADC_Start_DMA
                0x08001cc4      0x130 .pio\build\nucleo_g474re\FrameworkHALDriver\Src\stm32g4xx_hal_adc.o
                0x08001cc4                HAL_ADC_Start_DMA
 .text.HAL_ADCEx_InjectedStart_IT
                0x08001df4      0x170 .pio\build\nucleo_g474re\FrameworkHALDriver\Src\stm32g4xx_hal_adc_ex.o
                0x08001df4                HAL_ADCEx_InjectedStart_IT
 .text.HAL_ADCEx_InjectedConvCpltCallback
                0x08001f64        0x2 .pio\build\nucleo_g474re\FrameworkHALDriver\Src\stm32g4xx_hal_adc_ex.o
                0x08001f64                HAL_ADCEx_InjectedConvCpltCallback
 .text.HAL_ADCEx_InjectedQueueOverflowCallback
                0x08001f66        0x2 .pio\build\nucleo_g474re\FrameworkHALDriver\Src\stm32g4xx_hal_adc_ex.o
                0x08001f66                HAL_ADCEx_InjectedQueueOverflowCallback
 .text.HAL_ADCEx_LevelOutOfWindow2Callback
                0x08001f68        0x2 .pio\build\nucleo_g474re\FrameworkHALDriver\Src\stm32g4xx_hal_adc_ex.o
                0x08001f68                HAL_ADCEx_LevelOutOfWindow2Callback
 .text.HAL_ADCEx_LevelOutOfWindow3Callback
                0x08001f6a        0x2 .pio\build\nucleo_g474re\FrameworkHALDriver\Src\stm32g4xx_hal_adc_ex.o
                0x08001f6a                HAL_ADCEx_LevelOutOfWindow3Callback
 .text.HAL_ADCEx_EndOfSamplingCallback
                0x08001f6c        0x2 .pio\build\nucleo_g474re\FrameworkHALDriver\Src\stm32g4xx_hal_adc_ex.o
                0x08001f6c                HAL_ADCEx_EndOfSamplingCallback
 *fill*         0x08001f6e        0x2 
 .text.HAL_ADCEx_InjectedConfigChannel
                0x08001f70      0x67c .pio\build\nucleo_g474re\FrameworkHALDriver\Src\stm32g4xx_hal_adc_ex.o
                0x08001f70                HAL_ADCEx_InjectedConfigChannel
 .text.HAL_ADCEx_MultiModeConfigChannel
                0x080025ec      0x1f4 .pio\build\nucleo_g474re\FrameworkHALDriver\Src\stm32g4xx_hal_adc_ex.o
                0x080025ec                HAL_ADCEx_MultiModeConfigChannel
 .text.HAL_NVIC_SetPriorityGrouping
                0x080027e0       0x24 .pio\build\nucleo_g474re\FrameworkHALDriver\Src\stm32g4xx_hal_cortex.o
                0x080027e0                HAL_NVIC_SetPriorityGrouping
 .text.HAL_NVIC_SetPriority
                0x08002804       0x68 .pio\build\nucleo_g474re\FrameworkHALDriver\Src\stm32g4xx_hal_cortex.o
                0x08002804                HAL_NVIC_SetPriority
 .text.HAL_NVIC_EnableIRQ
                0x0800286c       0x1c .pio\build\nucleo_g474re\FrameworkHALDriver\Src\stm32g4xx_hal_cortex.o
                0x0800286c                HAL_NVIC_EnableIRQ
 .text.HAL_SYSTICK_Config
                0x08002888       0x2c .pio\build\nucleo_g474re\FrameworkHALDriver\Src\stm32g4xx_hal_cortex.o
                0x08002888                HAL_SYSTICK_Config
 .text.HAL_DAC_Init
                0x080028b4       0x24 .pio\build\nucleo_g474re\FrameworkHALDriver\Src\stm32g4xx_hal_dac.o
                0x080028b4                HAL_DAC_Init
 .text.HAL_DAC_Start
                0x080028d8       0x6a .pio\build\nucleo_g474re\FrameworkHALDriver\Src\stm32g4xx_hal_dac.o
                0x080028d8                HAL_DAC_Start
 .text.HAL_DAC_SetValue
                0x08002942       0x30 .pio\build\nucleo_g474re\FrameworkHALDriver\Src\stm32g4xx_hal_dac.o
                0x08002942                HAL_DAC_SetValue
 *fill*         0x08002972        0x2 
 .text.HAL_DAC_ConfigChannel
                0x08002974      0x200 .pio\build\nucleo_g474re\FrameworkHALDriver\Src\stm32g4xx_hal_dac.o
                0x08002974                HAL_DAC_ConfigChannel
 .text.DMA_SetConfig
                0x08002b74       0x40 .pio\build\nucleo_g474re\FrameworkHALDriver\Src\stm32g4xx_hal_dma.o
 .text.DMA_CalcDMAMUXChannelBaseAndMask
                0x08002bb4       0x48 .pio\build\nucleo_g474re\FrameworkHALDriver\Src\stm32g4xx_hal_dma.o
 .text.DMA_CalcDMAMUXRequestGenBaseAndMask
                0x08002bfc       0x28 .pio\build\nucleo_g474re\FrameworkHALDriver\Src\stm32g4xx_hal_dma.o
 .text.HAL_DMA_Init
                0x08002c24       0xdc .pio\build\nucleo_g474re\FrameworkHALDriver\Src\stm32g4xx_hal_dma.o
                0x08002c24                HAL_DMA_Init
 .text.HAL_DMA_Start_IT
                0x08002d00       0x94 .pio\build\nucleo_g474re\FrameworkHALDriver\Src\stm32g4xx_hal_dma.o
                0x08002d00                HAL_DMA_Start_IT
 .text.HAL_DMA_IRQHandler
                0x08002d94       0xc4 .pio\build\nucleo_g474re\FrameworkHALDriver\Src\stm32g4xx_hal_dma.o
                0x08002d94                HAL_DMA_IRQHandler
 .text.HAL_GPIO_Init
                0x08002e58      0x1a0 .pio\build\nucleo_g474re\FrameworkHALDriver\Src\stm32g4xx_hal_gpio.o
                0x08002e58                HAL_GPIO_Init
 .text.HAL_GPIO_ReadPin
                0x08002ff8        0xe .pio\build\nucleo_g474re\FrameworkHALDriver\Src\stm32g4xx_hal_gpio.o
                0x08002ff8                HAL_GPIO_ReadPin
 .text.HAL_GPIO_WritePin
                0x08003006        0xa .pio\build\nucleo_g474re\FrameworkHALDriver\Src\stm32g4xx_hal_gpio.o
                0x08003006                HAL_GPIO_WritePin
 .text.HAL_GPIO_TogglePin
                0x08003010       0x12 .pio\build\nucleo_g474re\FrameworkHALDriver\Src\stm32g4xx_hal_gpio.o
                0x08003010                HAL_GPIO_TogglePin
 .text.HAL_GPIO_EXTI_Callback
                0x08003022        0x2 .pio\build\nucleo_g474re\FrameworkHALDriver\Src\stm32g4xx_hal_gpio.o
                0x08003022                HAL_GPIO_EXTI_Callback
 .text.HAL_GPIO_EXTI_IRQHandler
                0x08003024       0x1c .pio\build\nucleo_g474re\FrameworkHALDriver\Src\stm32g4xx_hal_gpio.o
                0x08003024                HAL_GPIO_EXTI_IRQHandler
 .text.HAL_PWREx_ControlVoltageScaling
                0x08003040      0x10c .pio\build\nucleo_g474re\FrameworkHALDriver\Src\stm32g4xx_hal_pwr_ex.o
                0x08003040                HAL_PWREx_ControlVoltageScaling
 .text.HAL_PWREx_DisableUCPDDeadBattery
                0x0800314c       0x10 .pio\build\nucleo_g474re\FrameworkHALDriver\Src\stm32g4xx_hal_pwr_ex.o
                0x0800314c                HAL_PWREx_DisableUCPDDeadBattery
 .text.RCC_GetSysClockFreqFromPLLSource
                0x0800315c       0x58 .pio\build\nucleo_g474re\FrameworkHALDriver\Src\stm32g4xx_hal_rcc.o
 .text.HAL_RCC_OscConfig
                0x080031b4      0x4e8 .pio\build\nucleo_g474re\FrameworkHALDriver\Src\stm32g4xx_hal_rcc.o
                0x080031b4                HAL_RCC_OscConfig
 .text.HAL_RCC_GetSysClockFreq
                0x0800369c       0x88 .pio\build\nucleo_g474re\FrameworkHALDriver\Src\stm32g4xx_hal_rcc.o
                0x0800369c                HAL_RCC_GetSysClockFreq
 .text.HAL_RCC_ClockConfig
                0x08003724      0x1fc .pio\build\nucleo_g474re\FrameworkHALDriver\Src\stm32g4xx_hal_rcc.o
                0x08003724                HAL_RCC_ClockConfig
 .text.HAL_RCC_GetHCLKFreq
                0x08003920        0xc .pio\build\nucleo_g474re\FrameworkHALDriver\Src\stm32g4xx_hal_rcc.o
                0x08003920                HAL_RCC_GetHCLKFreq
 .text.HAL_RCC_GetPCLK1Freq
                0x0800392c       0x24 .pio\build\nucleo_g474re\FrameworkHALDriver\Src\stm32g4xx_hal_rcc.o
                0x0800392c                HAL_RCC_GetPCLK1Freq
 .text.HAL_RCC_GetPCLK2Freq
                0x08003950       0x24 .pio\build\nucleo_g474re\FrameworkHALDriver\Src\stm32g4xx_hal_rcc.o
                0x08003950                HAL_RCC_GetPCLK2Freq
 .text.HAL_RCCEx_PeriphCLKConfig
                0x08003974      0x378 .pio\build\nucleo_g474re\FrameworkHALDriver\Src\stm32g4xx_hal_rcc_ex.o
                0x08003974                HAL_RCCEx_PeriphCLKConfig
 .text.TIM_OC1_SetConfig
                0x08003cec       0xac .pio\build\nucleo_g474re\FrameworkHALDriver\Src\stm32g4xx_hal_tim.o
 .text.TIM_OC3_SetConfig
                0x08003d98       0x9c .pio\build\nucleo_g474re\FrameworkHALDriver\Src\stm32g4xx_hal_tim.o
 .text.TIM_OC4_SetConfig
                0x08003e34       0x9c .pio\build\nucleo_g474re\FrameworkHALDriver\Src\stm32g4xx_hal_tim.o
 .text.TIM_OC5_SetConfig
                0x08003ed0       0x70 .pio\build\nucleo_g474re\FrameworkHALDriver\Src\stm32g4xx_hal_tim.o
 .text.TIM_OC6_SetConfig
                0x08003f40       0x74 .pio\build\nucleo_g474re\FrameworkHALDriver\Src\stm32g4xx_hal_tim.o
 .text.TIM_TI1_ConfigInputStage
                0x08003fb4       0x26 .pio\build\nucleo_g474re\FrameworkHALDriver\Src\stm32g4xx_hal_tim.o
 .text.TIM_TI2_SetConfig
                0x08003fda       0x34 .pio\build\nucleo_g474re\FrameworkHALDriver\Src\stm32g4xx_hal_tim.o
 .text.TIM_TI2_ConfigInputStage
                0x0800400e       0x28 .pio\build\nucleo_g474re\FrameworkHALDriver\Src\stm32g4xx_hal_tim.o
 .text.TIM_TI3_SetConfig
                0x08004036       0x32 .pio\build\nucleo_g474re\FrameworkHALDriver\Src\stm32g4xx_hal_tim.o
 .text.TIM_TI4_SetConfig
                0x08004068       0x34 .pio\build\nucleo_g474re\FrameworkHALDriver\Src\stm32g4xx_hal_tim.o
 .text.TIM_ITRx_SetConfig
                0x0800409c       0x14 .pio\build\nucleo_g474re\FrameworkHALDriver\Src\stm32g4xx_hal_tim.o
 .text.HAL_TIM_Base_Start
                0x080040b0       0x8c .pio\build\nucleo_g474re\FrameworkHALDriver\Src\stm32g4xx_hal_tim.o
                0x080040b0                HAL_TIM_Base_Start
 .text.HAL_TIM_Base_Start_IT
                0x0800413c       0x94 .pio\build\nucleo_g474re\FrameworkHALDriver\Src\stm32g4xx_hal_tim.o
                0x0800413c                HAL_TIM_Base_Start_IT
 .text.HAL_TIM_GenerateEvent
                0x080041d0       0x26 .pio\build\nucleo_g474re\FrameworkHALDriver\Src\stm32g4xx_hal_tim.o
                0x080041d0                HAL_TIM_GenerateEvent
 .text.HAL_TIM_ReadCapturedValue
                0x080041f6       0x32 .pio\build\nucleo_g474re\FrameworkHALDriver\Src\stm32g4xx_hal_tim.o
                0x080041f6                HAL_TIM_ReadCapturedValue
 .text.HAL_TIM_PeriodElapsedCallback
                0x08004228        0x2 .pio\build\nucleo_g474re\FrameworkHALDriver\Src\stm32g4xx_hal_tim.o
                0x08004228                HAL_TIM_PeriodElapsedCallback
 .text.HAL_TIM_OC_DelayElapsedCallback
                0x0800422a        0x2 .pio\build\nucleo_g474re\FrameworkHALDriver\Src\stm32g4xx_hal_tim.o
                0x0800422a                HAL_TIM_OC_DelayElapsedCallback
 .text.HAL_TIM_PWM_PulseFinishedCallback
                0x0800422c        0x2 .pio\build\nucleo_g474re\FrameworkHALDriver\Src\stm32g4xx_hal_tim.o
                0x0800422c                HAL_TIM_PWM_PulseFinishedCallback
 .text.HAL_TIM_TriggerCallback
                0x0800422e        0x2 .pio\build\nucleo_g474re\FrameworkHALDriver\Src\stm32g4xx_hal_tim.o
                0x0800422e                HAL_TIM_TriggerCallback
 .text.HAL_TIM_IRQHandler
                0x08004230      0x21e .pio\build\nucleo_g474re\FrameworkHALDriver\Src\stm32g4xx_hal_tim.o
                0x08004230                HAL_TIM_IRQHandler
 *fill*         0x0800444e        0x2 
 .text.TIM_Base_SetConfig
                0x08004450       0xe0 .pio\build\nucleo_g474re\FrameworkHALDriver\Src\stm32g4xx_hal_tim.o
                0x08004450                TIM_Base_SetConfig
 .text.HAL_TIM_Base_Init
                0x08004530       0x5e .pio\build\nucleo_g474re\FrameworkHALDriver\Src\stm32g4xx_hal_tim.o
                0x08004530                HAL_TIM_Base_Init
 .text.HAL_TIM_PWM_Init
                0x0800458e       0x5e .pio\build\nucleo_g474re\FrameworkHALDriver\Src\stm32g4xx_hal_tim.o
                0x0800458e                HAL_TIM_PWM_Init
 .text.HAL_TIM_IC_Init
                0x080045ec       0x5e .pio\build\nucleo_g474re\FrameworkHALDriver\Src\stm32g4xx_hal_tim.o
                0x080045ec                HAL_TIM_IC_Init
 *fill*         0x0800464a        0x2 
 .text.TIM_OC2_SetConfig
                0x0800464c       0x9c .pio\build\nucleo_g474re\FrameworkHALDriver\Src\stm32g4xx_hal_tim.o
                0x0800464c                TIM_OC2_SetConfig
 .text.HAL_TIM_PWM_ConfigChannel
                0x080046e8      0x128 .pio\build\nucleo_g474re\FrameworkHALDriver\Src\stm32g4xx_hal_tim.o
                0x080046e8                HAL_TIM_PWM_ConfigChannel
 .text.TIM_TI1_SetConfig
                0x08004810       0x78 .pio\build\nucleo_g474re\FrameworkHALDriver\Src\stm32g4xx_hal_tim.o
                0x08004810                TIM_TI1_SetConfig
 .text.HAL_TIM_IC_ConfigChannel
                0x08004888       0xb4 .pio\build\nucleo_g474re\FrameworkHALDriver\Src\stm32g4xx_hal_tim.o
                0x08004888                HAL_TIM_IC_ConfigChannel
 .text.TIM_ETR_SetConfig
                0x0800493c       0x18 .pio\build\nucleo_g474re\FrameworkHALDriver\Src\stm32g4xx_hal_tim.o
                0x0800493c                TIM_ETR_SetConfig
 .text.HAL_TIM_ConfigClockSource
                0x08004954      0x124 .pio\build\nucleo_g474re\FrameworkHALDriver\Src\stm32g4xx_hal_tim.o
                0x08004954                HAL_TIM_ConfigClockSource
 .text.TIM_CCxChannelCmd
                0x08004a78       0x22 .pio\build\nucleo_g474re\FrameworkHALDriver\Src\stm32g4xx_hal_tim.o
                0x08004a78                TIM_CCxChannelCmd
 *fill*         0x08004a9a        0x2 
 .text.HAL_TIM_PWM_Start
                0x08004a9c      0x17c .pio\build\nucleo_g474re\FrameworkHALDriver\Src\stm32g4xx_hal_tim.o
                0x08004a9c                HAL_TIM_PWM_Start
 .text.HAL_TIM_IC_Start_IT
                0x08004c18      0x1ac .pio\build\nucleo_g474re\FrameworkHALDriver\Src\stm32g4xx_hal_tim.o
                0x08004c18                HAL_TIM_IC_Start_IT
 .text.TIM_CCxNChannelCmd
                0x08004dc4       0x22 .pio\build\nucleo_g474re\FrameworkHALDriver\Src\stm32g4xx_hal_tim_ex.o
 *fill*         0x08004de6        0x2 
 .text.HAL_TIMEx_PWMN_Start
                0x08004de8      0x10c .pio\build\nucleo_g474re\FrameworkHALDriver\Src\stm32g4xx_hal_tim_ex.o
                0x08004de8                HAL_TIMEx_PWMN_Start
 .text.HAL_TIMEx_MasterConfigSynchronization
                0x08004ef4       0xac .pio\build\nucleo_g474re\FrameworkHALDriver\Src\stm32g4xx_hal_tim_ex.o
                0x08004ef4                HAL_TIMEx_MasterConfigSynchronization
 .text.HAL_TIMEx_ConfigBreakDeadTime
                0x08004fa0       0xd4 .pio\build\nucleo_g474re\FrameworkHALDriver\Src\stm32g4xx_hal_tim_ex.o
                0x08004fa0                HAL_TIMEx_ConfigBreakDeadTime
 .text.HAL_TIMEx_CommutCallback
                0x08005074        0x2 .pio\build\nucleo_g474re\FrameworkHALDriver\Src\stm32g4xx_hal_tim_ex.o
                0x08005074                HAL_TIMEx_CommutCallback
 .text.HAL_TIMEx_BreakCallback
                0x08005076        0x2 .pio\build\nucleo_g474re\FrameworkHALDriver\Src\stm32g4xx_hal_tim_ex.o
                0x08005076                HAL_TIMEx_BreakCallback
 .text.HAL_TIMEx_Break2Callback
                0x08005078        0x2 .pio\build\nucleo_g474re\FrameworkHALDriver\Src\stm32g4xx_hal_tim_ex.o
                0x08005078                HAL_TIMEx_Break2Callback
 .text.HAL_TIMEx_EncoderIndexCallback
                0x0800507a        0x2 .pio\build\nucleo_g474re\FrameworkHALDriver\Src\stm32g4xx_hal_tim_ex.o
                0x0800507a                HAL_TIMEx_EncoderIndexCallback
 .text.HAL_TIMEx_DirectionChangeCallback
                0x0800507c        0x2 .pio\build\nucleo_g474re\FrameworkHALDriver\Src\stm32g4xx_hal_tim_ex.o
                0x0800507c                HAL_TIMEx_DirectionChangeCallback
 .text.HAL_TIMEx_IndexErrorCallback
                0x0800507e        0x2 .pio\build\nucleo_g474re\FrameworkHALDriver\Src\stm32g4xx_hal_tim_ex.o
                0x0800507e                HAL_TIMEx_IndexErrorCallback
 .text.HAL_TIMEx_TransitionErrorCallback
                0x08005080        0x2 .pio\build\nucleo_g474re\FrameworkHALDriver\Src\stm32g4xx_hal_tim_ex.o
                0x08005080                HAL_TIMEx_TransitionErrorCallback
 *fill*         0x08005082        0x2 
 .text.UART_SetConfig
                0x08005084      0x384 .pio\build\nucleo_g474re\FrameworkHALDriver\Src\stm32g4xx_hal_uart.o
                0x08005084                UART_SetConfig
 .text.UART_AdvFeatureConfig
                0x08005408       0xca .pio\build\nucleo_g474re\FrameworkHALDriver\Src\stm32g4xx_hal_uart.o
                0x08005408                UART_AdvFeatureConfig
 .text.UART_WaitOnFlagUntilTimeout
                0x080054d2       0xa6 .pio\build\nucleo_g474re\FrameworkHALDriver\Src\stm32g4xx_hal_uart.o
                0x080054d2                UART_WaitOnFlagUntilTimeout
 .text.UART_CheckIdleState
                0x08005578       0x74 .pio\build\nucleo_g474re\FrameworkHALDriver\Src\stm32g4xx_hal_uart.o
                0x08005578                UART_CheckIdleState
 .text.HAL_UART_Init
                0x080055ec       0x66 .pio\build\nucleo_g474re\FrameworkHALDriver\Src\stm32g4xx_hal_uart.o
                0x080055ec                HAL_UART_Init
 *fill*         0x08005652        0x2 
 .text.UARTEx_SetNbDataToProcess
                0x08005654       0x4c .pio\build\nucleo_g474re\FrameworkHALDriver\Src\stm32g4xx_hal_uart_ex.o
 .text.HAL_UARTEx_DisableFifoMode
                0x080056a0       0x3e .pio\build\nucleo_g474re\FrameworkHALDriver\Src\stm32g4xx_hal_uart_ex.o
                0x080056a0                HAL_UARTEx_DisableFifoMode
 .text.HAL_UARTEx_SetTxFifoThreshold
                0x080056de       0x4a .pio\build\nucleo_g474re\FrameworkHALDriver\Src\stm32g4xx_hal_uart_ex.o
                0x080056de                HAL_UARTEx_SetTxFifoThreshold
 .text.HAL_UARTEx_SetRxFifoThreshold
                0x08005728       0x4a .pio\build\nucleo_g474re\FrameworkHALDriver\Src\stm32g4xx_hal_uart_ex.o
                0x08005728                HAL_UARTEx_SetRxFifoThreshold
 .text.cfPhaseLockedLoop
                0x08005772       0x1a .pio\build\nucleo_g474re\src\ControlFunctions.o
                0x08005772                cfPhaseLockedLoop
 .text.gfDivideAvoidZero
                0x0800578c       0x3e .pio\build\nucleo_g474re\src\GeneralFunctions.o
                0x0800578c                gfDivideAvoidZero
 *fill*         0x080057ca        0x2 
 .text.gfWrapTheta
                0x080057cc       0x48 .pio\build\nucleo_g474re\src\GeneralFunctions.o
                0x080057cc                gfWrapTheta
 .text.gUpperLowerLimit
                0x08005814       0x24 .pio\build\nucleo_g474re\src\GeneralFunctions.o
                0x08005814                gUpperLowerLimit
 .text.readButton1
                0x08005838       0x20 .pio\build\nucleo_g474re\src\SignalReadWrite.o
                0x08005838                readButton1
 .text.readInputCaptureCnt
                0x08005858       0x10 .pio\build\nucleo_g474re\src\SignalReadWrite.o
                0x08005858                readInputCaptureCnt
 .text.readTimeInterval
                0x08005868       0x50 .pio\build\nucleo_g474re\src\SignalReadWrite.o
                0x08005868                readTimeInterval
 .text.readVolume
                0x080058b8       0x38 .pio\build\nucleo_g474re\src\SignalReadWrite.o
                0x080058b8                readVolume
 .text.readCurrent
                0x080058f0       0x80 .pio\build\nucleo_g474re\src\SignalReadWrite.o
                0x080058f0                readCurrent
 .text.readHallSignal
                0x08005970       0x48 .pio\build\nucleo_g474re\src\SignalReadWrite.o
                0x08005970                readHallSignal
 .text.writeOutputMode
                0x080059b8       0x6c .pio\build\nucleo_g474re\src\SignalReadWrite.o
                0x080059b8                writeOutputMode
 .text.writeDuty
                0x08005a24       0x50 .pio\build\nucleo_g474re\src\SignalReadWrite.o
                0x08005a24                writeDuty
 .text.calcElectAngle
                0x08005a74      0x290 .pio\build\nucleo_g474re\src\SixsStep.o
                0x08005a74                calcElectAngle
 .text.OpenLoopTasks
                0x08005d04      0x220 .pio\build\nucleo_g474re\src\VectorControl.o
                0x08005d04                OpenLoopTasks
 .text.VectorControlTasks
                0x08005f24      0x38c .pio\build\nucleo_g474re\src\VectorControl.o
                0x08005f24                VectorControlTasks
 .text.MX_ADC1_Init
                0x080062b0      0x150 .pio\build\nucleo_g474re\src\adc.o
                0x080062b0                MX_ADC1_Init
 .text.HAL_ADC_MspInit
                0x08006400      0x11c .pio\build\nucleo_g474re\src\adc.o
                0x08006400                HAL_ADC_MspInit
 .text.MX_DAC1_Init
                0x0800651c       0x5c .pio\build\nucleo_g474re\src\dac.o
                0x0800651c                MX_DAC1_Init
 .text.HAL_DAC_MspInit
                0x08006578       0xa4 .pio\build\nucleo_g474re\src\dac.o
                0x08006578                HAL_DAC_MspInit
 .text.MX_DMA_Init
                0x0800661c       0x54 .pio\build\nucleo_g474re\src\dma.o
                0x0800661c                MX_DMA_Init
 .text.MX_GPIO_Init
                0x08006670       0xd4 .pio\build\nucleo_g474re\src\gpio.o
                0x08006670                MX_GPIO_Init
 *fill*         0x08006744        0x4 
 .text.HAL_TIM_IC_CaptureCallback
                0x08006748       0xe4 .pio\build\nucleo_g474re\src\main.o
                0x08006748                HAL_TIM_IC_CaptureCallback
 .text.Error_Handler
                0x0800682c        0x4 .pio\build\nucleo_g474re\src\main.o
                0x0800682c                Error_Handler
 .text.SystemClock_Config
                0x08006830       0x70 .pio\build\nucleo_g474re\src\main.o
                0x08006830                SystemClock_Config
 .text.main     0x080068a0      0x150 .pio\build\nucleo_g474re\src\main.o
                0x080068a0                main
 .text.HAL_MspInit
                0x080069f0       0x38 .pio\build\nucleo_g474re\src\stm32g4xx_hal_msp.o
                0x080069f0                HAL_MspInit
 .text.NMI_Handler
                0x08006a28        0x2 .pio\build\nucleo_g474re\src\stm32g4xx_it.o
                0x08006a28                NMI_Handler
 .text.HardFault_Handler
                0x08006a2a        0x2 .pio\build\nucleo_g474re\src\stm32g4xx_it.o
                0x08006a2a                HardFault_Handler
 .text.MemManage_Handler
                0x08006a2c        0x2 .pio\build\nucleo_g474re\src\stm32g4xx_it.o
                0x08006a2c                MemManage_Handler
 .text.BusFault_Handler
                0x08006a2e        0x2 .pio\build\nucleo_g474re\src\stm32g4xx_it.o
                0x08006a2e                BusFault_Handler
 .text.UsageFault_Handler
                0x08006a30        0x2 .pio\build\nucleo_g474re\src\stm32g4xx_it.o
                0x08006a30                UsageFault_Handler
 .text.SVC_Handler
                0x08006a32        0x2 .pio\build\nucleo_g474re\src\stm32g4xx_it.o
                0x08006a32                SVC_Handler
 .text.DebugMon_Handler
                0x08006a34        0x2 .pio\build\nucleo_g474re\src\stm32g4xx_it.o
                0x08006a34                DebugMon_Handler
 .text.PendSV_Handler
                0x08006a36        0x2 .pio\build\nucleo_g474re\src\stm32g4xx_it.o
                0x08006a36                PendSV_Handler
 .text.SysTick_Handler
                0x08006a38        0x8 .pio\build\nucleo_g474re\src\stm32g4xx_it.o
                0x08006a38                SysTick_Handler
 .text.DMA1_Channel1_IRQHandler
                0x08006a40       0x10 .pio\build\nucleo_g474re\src\stm32g4xx_it.o
                0x08006a40                DMA1_Channel1_IRQHandler
 .text.DMA1_Channel2_IRQHandler
                0x08006a50       0x10 .pio\build\nucleo_g474re\src\stm32g4xx_it.o
                0x08006a50                DMA1_Channel2_IRQHandler
 .text.ADC1_2_IRQHandler
                0x08006a60      0x1dc .pio\build\nucleo_g474re\src\stm32g4xx_it.o
                0x08006a60                ADC1_2_IRQHandler
 .text.TIM3_IRQHandler
                0x08006c3c       0x10 .pio\build\nucleo_g474re\src\stm32g4xx_it.o
                0x08006c3c                TIM3_IRQHandler
 .text.EXTI15_10_IRQHandler
                0x08006c4c        0xc .pio\build\nucleo_g474re\src\stm32g4xx_it.o
                0x08006c4c                EXTI15_10_IRQHandler
 .text._sbrk    0x08006c58       0x48 .pio\build\nucleo_g474re\src\sysmem.o
                0x08006c58                _sbrk
 .text.SystemInit
                0x08006ca0       0x14 .pio\build\nucleo_g474re\src\system_stm32g4xx.o
                0x08006ca0                SystemInit
 .text.MX_TIM2_Init
                0x08006cb4       0x98 .pio\build\nucleo_g474re\src\tim.o
                0x08006cb4                MX_TIM2_Init
 .text.MX_TIM3_Init
                0x08006d4c       0xa8 .pio\build\nucleo_g474re\src\tim.o
                0x08006d4c                MX_TIM3_Init
 .text.MX_TIM7_Init
                0x08006df4       0x50 .pio\build\nucleo_g474re\src\tim.o
                0x08006df4                MX_TIM7_Init
 .text.HAL_TIM_PWM_MspInit
                0x08006e44       0x2c .pio\build\nucleo_g474re\src\tim.o
                0x08006e44                HAL_TIM_PWM_MspInit
 .text.HAL_TIM_IC_MspInit
                0x08006e70       0x8c .pio\build\nucleo_g474re\src\tim.o
                0x08006e70                HAL_TIM_IC_MspInit
 .text.HAL_TIM_Base_MspInit
                0x08006efc       0x94 .pio\build\nucleo_g474re\src\tim.o
                0x08006efc                HAL_TIM_Base_MspInit
 .text.HAL_TIM_MspPostInit
                0x08006f90       0xc4 .pio\build\nucleo_g474re\src\tim.o
                0x08006f90                HAL_TIM_MspPostInit
 .text.MX_TIM1_Init
                0x08007054      0x114 .pio\build\nucleo_g474re\src\tim.o
                0x08007054                MX_TIM1_Init
 .text.MX_LPUART1_UART_Init
                0x08007168       0x68 .pio\build\nucleo_g474re\src\usart.o
                0x08007168                MX_LPUART1_UART_Init
 .text.HAL_UART_MspInit
                0x080071d0       0x84 .pio\build\nucleo_g474re\src\usart.o
                0x080071d0                HAL_UART_MspInit
 .text.__errno  0x08007254        0xc c:/users/taisu/.platformio/packages/toolchain-gccarmnoneeabi@1.70201.0/bin/../lib/gcc/arm-none-eabi/7.2.1/../../../../arm-none-eabi/lib/thumb/v7e-m/fpv4-sp/hard\libc_nano.a(lib_a-errno.o)
                0x08007254                __errno
 .text.__libc_init_array
                0x08007260       0x48 c:/users/taisu/.platformio/packages/toolchain-gccarmnoneeabi@1.70201.0/bin/../lib/gcc/arm-none-eabi/7.2.1/../../../../arm-none-eabi/lib/thumb/v7e-m/fpv4-sp/hard\libc_nano.a(lib_a-init.o)
                0x08007260                __libc_init_array
 .text.memset   0x080072a8       0x10 c:/users/taisu/.platformio/packages/toolchain-gccarmnoneeabi@1.70201.0/bin/../lib/gcc/arm-none-eabi/7.2.1/../../../../arm-none-eabi/lib/thumb/v7e-m/fpv4-sp/hard\libc_nano.a(lib_a-memset.o)
                0x080072a8                memset
 .text.__cvt    0x080072b8       0xc2 c:/users/taisu/.platformio/packages/toolchain-gccarmnoneeabi@1.70201.0/bin/../lib/gcc/arm-none-eabi/7.2.1/../../../../arm-none-eabi/lib/thumb/v7e-m/fpv4-sp/hard\libc_nano.a(lib_a-nano-vfprintf_float.o)
                0x080072b8                __cvt
 .text.__exponent
                0x0800737a       0x66 c:/users/taisu/.platformio/packages/toolchain-gccarmnoneeabi@1.70201.0/bin/../lib/gcc/arm-none-eabi/7.2.1/../../../../arm-none-eabi/lib/thumb/v7e-m/fpv4-sp/hard\libc_nano.a(lib_a-nano-vfprintf_float.o)
                0x0800737a                __exponent
 .text._printf_float
                0x080073e0      0x480 c:/users/taisu/.platformio/packages/toolchain-gccarmnoneeabi@1.70201.0/bin/../lib/gcc/arm-none-eabi/7.2.1/../../../../arm-none-eabi/lib/thumb/v7e-m/fpv4-sp/hard\libc_nano.a(lib_a-nano-vfprintf_float.o)
                0x080073e0                _printf_float
 .text._printf_common
                0x08007860       0xea c:/users/taisu/.platformio/packages/toolchain-gccarmnoneeabi@1.70201.0/bin/../lib/gcc/arm-none-eabi/7.2.1/../../../../arm-none-eabi/lib/thumb/v7e-m/fpv4-sp/hard\libc_nano.a(lib_a-nano-vfprintf_i.o)
                0x08007860                _printf_common
 *fill*         0x0800794a        0x2 
 .text._printf_i
                0x0800794c      0x224 c:/users/taisu/.platformio/packages/toolchain-gccarmnoneeabi@1.70201.0/bin/../lib/gcc/arm-none-eabi/7.2.1/../../../../arm-none-eabi/lib/thumb/v7e-m/fpv4-sp/hard\libc_nano.a(lib_a-nano-vfprintf_i.o)
                0x0800794c                _printf_i
 .text._scanf_float
                0x08007b70      0x3c4 c:/users/taisu/.platformio/packages/toolchain-gccarmnoneeabi@1.70201.0/bin/../lib/gcc/arm-none-eabi/7.2.1/../../../../arm-none-eabi/lib/thumb/v7e-m/fpv4-sp/hard\libc_nano.a(lib_a-nano-vfscanf_float.o)
                0x08007b70                _scanf_float
 .text.nanf     0x08007f34        0xc c:/users/taisu/.platformio/packages/toolchain-gccarmnoneeabi@1.70201.0/bin/../lib/gcc/arm-none-eabi/7.2.1/../../../../arm-none-eabi/lib/thumb/v7e-m/fpv4-sp/hard\libc_nano.a(lib_a-sf_nan.o)
                0x08007f34                nanf
 .text.sprintf  0x08007f40       0x40 c:/users/taisu/.platformio/packages/toolchain-gccarmnoneeabi@1.70201.0/bin/../lib/gcc/arm-none-eabi/7.2.1/../../../../arm-none-eabi/lib/thumb/v7e-m/fpv4-sp/hard\libc_nano.a(lib_a-sprintf.o)
                0x08007f40                siprintf
                0x08007f40                sprintf
 .text.unlikely.sulp
                0x08007f80       0x38 c:/users/taisu/.platformio/packages/toolchain-gccarmnoneeabi@1.70201.0/bin/../lib/gcc/arm-none-eabi/7.2.1/../../../../arm-none-eabi/lib/thumb/v7e-m/fpv4-sp/hard\libc_nano.a(lib_a-strtod.o)
 .text._strtod_l
                0x08007fb8      0xbe8 c:/users/taisu/.platformio/packages/toolchain-gccarmnoneeabi@1.70201.0/bin/../lib/gcc/arm-none-eabi/7.2.1/../../../../arm-none-eabi/lib/thumb/v7e-m/fpv4-sp/hard\libc_nano.a(lib_a-strtod.o)
                0x08007fb8                _strtod_l
 .text._strtod_r
                0x08008ba0       0x20 c:/users/taisu/.platformio/packages/toolchain-gccarmnoneeabi@1.70201.0/bin/../lib/gcc/arm-none-eabi/7.2.1/../../../../arm-none-eabi/lib/thumb/v7e-m/fpv4-sp/hard\libc_nano.a(lib_a-strtod.o)
                0x08008ba0                _strtod_r
 .text._strtol_l.isra.0
                0x08008bc0       0xf6 c:/users/taisu/.platformio/packages/toolchain-gccarmnoneeabi@1.70201.0/bin/../lib/gcc/arm-none-eabi/7.2.1/../../../../arm-none-eabi/lib/thumb/v7e-m/fpv4-sp/hard\libc_nano.a(lib_a-strtol.o)
 *fill*         0x08008cb6        0x2 
 .text._strtol_r
                0x08008cb8       0x24 c:/users/taisu/.platformio/packages/toolchain-gccarmnoneeabi@1.70201.0/bin/../lib/gcc/arm-none-eabi/7.2.1/../../../../arm-none-eabi/lib/thumb/v7e-m/fpv4-sp/hard\libc_nano.a(lib_a-strtol.o)
                0x08008cb8                _strtol_r
 .text.quorem   0x08008cdc      0x118 c:/users/taisu/.platformio/packages/toolchain-gccarmnoneeabi@1.70201.0/bin/../lib/gcc/arm-none-eabi/7.2.1/../../../../arm-none-eabi/lib/thumb/v7e-m/fpv4-sp/hard\libc_nano.a(lib_a-dtoa.o)
 *fill*         0x08008df4        0x4 
 .text._dtoa_r  0x08008df8      0xb70 c:/users/taisu/.platformio/packages/toolchain-gccarmnoneeabi@1.70201.0/bin/../lib/gcc/arm-none-eabi/7.2.1/../../../../arm-none-eabi/lib/thumb/v7e-m/fpv4-sp/hard\libc_nano.a(lib_a-dtoa.o)
                0x08008df8                _dtoa_r
 .text.rshift   0x08009968       0x74 c:/users/taisu/.platformio/packages/toolchain-gccarmnoneeabi@1.70201.0/bin/../lib/gcc/arm-none-eabi/7.2.1/../../../../arm-none-eabi/lib/thumb/v7e-m/fpv4-sp/hard\libc_nano.a(lib_a-gdtoa-gethex.o)
 .text.__hexdig_fun
                0x080099dc       0x2a c:/users/taisu/.platformio/packages/toolchain-gccarmnoneeabi@1.70201.0/bin/../lib/gcc/arm-none-eabi/7.2.1/../../../../arm-none-eabi/lib/thumb/v7e-m/fpv4-sp/hard\libc_nano.a(lib_a-gdtoa-gethex.o)
                0x080099dc                __hexdig_fun
 .text.__gethex
                0x08009a06      0x442 c:/users/taisu/.platformio/packages/toolchain-gccarmnoneeabi@1.70201.0/bin/../lib/gcc/arm-none-eabi/7.2.1/../../../../arm-none-eabi/lib/thumb/v7e-m/fpv4-sp/hard\libc_nano.a(lib_a-gdtoa-gethex.o)
                0x08009a06                __gethex
 .text.L_shift  0x08009e48       0x24 c:/users/taisu/.platformio/packages/toolchain-gccarmnoneeabi@1.70201.0/bin/../lib/gcc/arm-none-eabi/7.2.1/../../../../arm-none-eabi/lib/thumb/v7e-m/fpv4-sp/hard\libc_nano.a(lib_a-gdtoa-hexnan.o)
 .text.__match  0x08009e6c       0x28 c:/users/taisu/.platformio/packages/toolchain-gccarmnoneeabi@1.70201.0/bin/../lib/gcc/arm-none-eabi/7.2.1/../../../../arm-none-eabi/lib/thumb/v7e-m/fpv4-sp/hard\libc_nano.a(lib_a-gdtoa-hexnan.o)
                0x08009e6c                __match
 .text.__hexnan
                0x08009e94      0x120 c:/users/taisu/.platformio/packages/toolchain-gccarmnoneeabi@1.70201.0/bin/../lib/gcc/arm-none-eabi/7.2.1/../../../../arm-none-eabi/lib/thumb/v7e-m/fpv4-sp/hard\libc_nano.a(lib_a-gdtoa-hexnan.o)
                0x08009e94                __hexnan
 .text.__locale_ctype_ptr_l
                0x08009fb4        0x6 c:/users/taisu/.platformio/packages/toolchain-gccarmnoneeabi@1.70201.0/bin/../lib/gcc/arm-none-eabi/7.2.1/../../../../arm-none-eabi/lib/thumb/v7e-m/fpv4-sp/hard\libc_nano.a(lib_a-locale.o)
                0x08009fb4                __locale_ctype_ptr_l
 .text.__localeconv_l
                0x08009fba        0x4 c:/users/taisu/.platformio/packages/toolchain-gccarmnoneeabi@1.70201.0/bin/../lib/gcc/arm-none-eabi/7.2.1/../../../../arm-none-eabi/lib/thumb/v7e-m/fpv4-sp/hard\libc_nano.a(lib_a-localeconv.o)
                0x08009fba                __localeconv_l
 *fill*         0x08009fbe        0x2 
 .text._localeconv_r
                0x08009fc0       0x1c c:/users/taisu/.platformio/packages/toolchain-gccarmnoneeabi@1.70201.0/bin/../lib/gcc/arm-none-eabi/7.2.1/../../../../arm-none-eabi/lib/thumb/v7e-m/fpv4-sp/hard\libc_nano.a(lib_a-localeconv.o)
                0x08009fc0                _localeconv_r
 .text.malloc   0x08009fdc       0x10 c:/users/taisu/.platformio/packages/toolchain-gccarmnoneeabi@1.70201.0/bin/../lib/gcc/arm-none-eabi/7.2.1/../../../../arm-none-eabi/lib/thumb/v7e-m/fpv4-sp/hard\libc_nano.a(lib_a-malloc.o)
                0x08009fdc                malloc
 .text.__ascii_mbtowc
                0x08009fec       0x24 c:/users/taisu/.platformio/packages/toolchain-gccarmnoneeabi@1.70201.0/bin/../lib/gcc/arm-none-eabi/7.2.1/../../../../arm-none-eabi/lib/thumb/v7e-m/fpv4-sp/hard\libc_nano.a(lib_a-mbtowc_r.o)
                0x08009fec                __ascii_mbtowc
 .text.memcpy   0x0800a010       0x16 c:/users/taisu/.platformio/packages/toolchain-gccarmnoneeabi@1.70201.0/bin/../lib/gcc/arm-none-eabi/7.2.1/../../../../arm-none-eabi/lib/thumb/v7e-m/fpv4-sp/hard\libc_nano.a(lib_a-memcpy-stub.o)
                0x0800a010                memcpy
 .text._Balloc  0x0800a026       0x68 c:/users/taisu/.platformio/packages/toolchain-gccarmnoneeabi@1.70201.0/bin/../lib/gcc/arm-none-eabi/7.2.1/../../../../arm-none-eabi/lib/thumb/v7e-m/fpv4-sp/hard\libc_nano.a(lib_a-mprec.o)
                0x0800a026                _Balloc
 .text._Bfree   0x0800a08e       0x2e c:/users/taisu/.platformio/packages/toolchain-gccarmnoneeabi@1.70201.0/bin/../lib/gcc/arm-none-eabi/7.2.1/../../../../arm-none-eabi/lib/thumb/v7e-m/fpv4-sp/hard\libc_nano.a(lib_a-mprec.o)
                0x0800a08e                _Bfree
 .text.__multadd
                0x0800a0bc       0x76 c:/users/taisu/.platformio/packages/toolchain-gccarmnoneeabi@1.70201.0/bin/../lib/gcc/arm-none-eabi/7.2.1/../../../../arm-none-eabi/lib/thumb/v7e-m/fpv4-sp/hard\libc_nano.a(lib_a-mprec.o)
                0x0800a0bc                __multadd
 .text.__s2b    0x0800a132       0x7c c:/users/taisu/.platformio/packages/toolchain-gccarmnoneeabi@1.70201.0/bin/../lib/gcc/arm-none-eabi/7.2.1/../../../../arm-none-eabi/lib/thumb/v7e-m/fpv4-sp/hard\libc_nano.a(lib_a-mprec.o)
                0x0800a132                __s2b
 .text.__hi0bits
                0x0800a1ae       0x3e c:/users/taisu/.platformio/packages/toolchain-gccarmnoneeabi@1.70201.0/bin/../lib/gcc/arm-none-eabi/7.2.1/../../../../arm-none-eabi/lib/thumb/v7e-m/fpv4-sp/hard\libc_nano.a(lib_a-mprec.o)
                0x0800a1ae                __hi0bits
 .text.__lo0bits
                0x0800a1ec       0x5e c:/users/taisu/.platformio/packages/toolchain-gccarmnoneeabi@1.70201.0/bin/../lib/gcc/arm-none-eabi/7.2.1/../../../../arm-none-eabi/lib/thumb/v7e-m/fpv4-sp/hard\libc_nano.a(lib_a-mprec.o)
                0x0800a1ec                __lo0bits
 .text.__i2b    0x0800a24a       0x12 c:/users/taisu/.platformio/packages/toolchain-gccarmnoneeabi@1.70201.0/bin/../lib/gcc/arm-none-eabi/7.2.1/../../../../arm-none-eabi/lib/thumb/v7e-m/fpv4-sp/hard\libc_nano.a(lib_a-mprec.o)
                0x0800a24a                __i2b
 .text.__multiply
                0x0800a25c      0x12c c:/users/taisu/.platformio/packages/toolchain-gccarmnoneeabi@1.70201.0/bin/../lib/gcc/arm-none-eabi/7.2.1/../../../../arm-none-eabi/lib/thumb/v7e-m/fpv4-sp/hard\libc_nano.a(lib_a-mprec.o)
                0x0800a25c                __multiply
 .text.__pow5mult
                0x0800a388       0x9c c:/users/taisu/.platformio/packages/toolchain-gccarmnoneeabi@1.70201.0/bin/../lib/gcc/arm-none-eabi/7.2.1/../../../../arm-none-eabi/lib/thumb/v7e-m/fpv4-sp/hard\libc_nano.a(lib_a-mprec.o)
                0x0800a388                __pow5mult
 .text.__lshift
                0x0800a424       0xa8 c:/users/taisu/.platformio/packages/toolchain-gccarmnoneeabi@1.70201.0/bin/../lib/gcc/arm-none-eabi/7.2.1/../../../../arm-none-eabi/lib/thumb/v7e-m/fpv4-sp/hard\libc_nano.a(lib_a-mprec.o)
                0x0800a424                __lshift
 .text.__mcmp   0x0800a4cc       0x34 c:/users/taisu/.platformio/packages/toolchain-gccarmnoneeabi@1.70201.0/bin/../lib/gcc/arm-none-eabi/7.2.1/../../../../arm-none-eabi/lib/thumb/v7e-m/fpv4-sp/hard\libc_nano.a(lib_a-mprec.o)
                0x0800a4cc                __mcmp
 .text.__mdiff  0x0800a500       0xba c:/users/taisu/.platformio/packages/toolchain-gccarmnoneeabi@1.70201.0/bin/../lib/gcc/arm-none-eabi/7.2.1/../../../../arm-none-eabi/lib/thumb/v7e-m/fpv4-sp/hard\libc_nano.a(lib_a-mprec.o)
                0x0800a500                __mdiff
 *fill*         0x0800a5ba        0x2 
 .text.__ulp    0x0800a5bc       0x50 c:/users/taisu/.platformio/packages/toolchain-gccarmnoneeabi@1.70201.0/bin/../lib/gcc/arm-none-eabi/7.2.1/../../../../arm-none-eabi/lib/thumb/v7e-m/fpv4-sp/hard\libc_nano.a(lib_a-mprec.o)
                0x0800a5bc                __ulp
 .text.__b2d    0x0800a60c       0x9c c:/users/taisu/.platformio/packages/toolchain-gccarmnoneeabi@1.70201.0/bin/../lib/gcc/arm-none-eabi/7.2.1/../../../../arm-none-eabi/lib/thumb/v7e-m/fpv4-sp/hard\libc_nano.a(lib_a-mprec.o)
                0x0800a60c                __b2d
 .text.__d2b    0x0800a6a8       0x9e c:/users/taisu/.platformio/packages/toolchain-gccarmnoneeabi@1.70201.0/bin/../lib/gcc/arm-none-eabi/7.2.1/../../../../arm-none-eabi/lib/thumb/v7e-m/fpv4-sp/hard\libc_nano.a(lib_a-mprec.o)
                0x0800a6a8                __d2b
 .text.__ratio  0x0800a746       0x66 c:/users/taisu/.platformio/packages/toolchain-gccarmnoneeabi@1.70201.0/bin/../lib/gcc/arm-none-eabi/7.2.1/../../../../arm-none-eabi/lib/thumb/v7e-m/fpv4-sp/hard\libc_nano.a(lib_a-mprec.o)
                0x0800a746                __ratio
 .text.__copybits
                0x0800a7ac       0x34 c:/users/taisu/.platformio/packages/toolchain-gccarmnoneeabi@1.70201.0/bin/../lib/gcc/arm-none-eabi/7.2.1/../../../../arm-none-eabi/lib/thumb/v7e-m/fpv4-sp/hard\libc_nano.a(lib_a-mprec.o)
                0x0800a7ac                __copybits
 .text.__any_on
                0x0800a7e0       0x42 c:/users/taisu/.platformio/packages/toolchain-gccarmnoneeabi@1.70201.0/bin/../lib/gcc/arm-none-eabi/7.2.1/../../../../arm-none-eabi/lib/thumb/v7e-m/fpv4-sp/hard\libc_nano.a(lib_a-mprec.o)
                0x0800a7e0                __any_on
 .text._calloc_r
                0x0800a822       0x1c c:/users/taisu/.platformio/packages/toolchain-gccarmnoneeabi@1.70201.0/bin/../lib/gcc/arm-none-eabi/7.2.1/../../../../arm-none-eabi/lib/thumb/v7e-m/fpv4-sp/hard\libc_nano.a(lib_a-nano-callocr.o)
                0x0800a822                _calloc_r
 *fill*         0x0800a83e        0x2 
 .text._free_r  0x0800a840       0x9c c:/users/taisu/.platformio/packages/toolchain-gccarmnoneeabi@1.70201.0/bin/../lib/gcc/arm-none-eabi/7.2.1/../../../../arm-none-eabi/lib/thumb/v7e-m/fpv4-sp/hard\libc_nano.a(lib_a-nano-freer.o)
                0x0800a840                _free_r
 .text._malloc_r
                0x0800a8dc       0xb4 c:/users/taisu/.platformio/packages/toolchain-gccarmnoneeabi@1.70201.0/bin/../lib/gcc/arm-none-eabi/7.2.1/../../../../arm-none-eabi/lib/thumb/v7e-m/fpv4-sp/hard\libc_nano.a(lib_a-nano-mallocr.o)
                0x0800a8dc                _malloc_r
 .text.__ssputs_r
                0x0800a990       0xb4 c:/users/taisu/.platformio/packages/toolchain-gccarmnoneeabi@1.70201.0/bin/../lib/gcc/arm-none-eabi/7.2.1/../../../../arm-none-eabi/lib/thumb/v7e-m/fpv4-sp/hard\libc_nano.a(lib_a-nano-svfprintf.o)
                0x0800a990                __ssputs_r
 .text._svfprintf_r
                0x0800aa44      0x1ec c:/users/taisu/.platformio/packages/toolchain-gccarmnoneeabi@1.70201.0/bin/../lib/gcc/arm-none-eabi/7.2.1/../../../../arm-none-eabi/lib/thumb/v7e-m/fpv4-sp/hard\libc_nano.a(lib_a-nano-svfprintf.o)
                0x0800aa44                _svfiprintf_r
                0x0800aa44                _svfprintf_r
 .text._sbrk_r  0x0800ac30       0x20 c:/users/taisu/.platformio/packages/toolchain-gccarmnoneeabi@1.70201.0/bin/../lib/gcc/arm-none-eabi/7.2.1/../../../../arm-none-eabi/lib/thumb/v7e-m/fpv4-sp/hard\libc_nano.a(lib_a-sbrkr.o)
                0x0800ac30                _sbrk_r
 .text.strncmp  0x0800ac50       0x24 c:/users/taisu/.platformio/packages/toolchain-gccarmnoneeabi@1.70201.0/bin/../lib/gcc/arm-none-eabi/7.2.1/../../../../arm-none-eabi/lib/thumb/v7e-m/fpv4-sp/hard\libc_nano.a(lib_a-strncmp.o)
                0x0800ac50                strncmp
 .text.__ascii_wctomb
                0x0800ac74       0x1a c:/users/taisu/.platformio/packages/toolchain-gccarmnoneeabi@1.70201.0/bin/../lib/gcc/arm-none-eabi/7.2.1/../../../../arm-none-eabi/lib/thumb/v7e-m/fpv4-sp/hard\libc_nano.a(lib_a-wctomb_r.o)
                0x0800ac74                __ascii_wctomb
 .text.memmove  0x0800ac8e       0x32 c:/users/taisu/.platformio/packages/toolchain-gccarmnoneeabi@1.70201.0/bin/../lib/gcc/arm-none-eabi/7.2.1/../../../../arm-none-eabi/lib/thumb/v7e-m/fpv4-sp/hard\libc_nano.a(lib_a-memmove.o)
                0x0800ac8e                memmove
 .text.__malloc_lock
                0x0800acc0        0x2 c:/users/taisu/.platformio/packages/toolchain-gccarmnoneeabi@1.70201.0/bin/../lib/gcc/arm-none-eabi/7.2.1/../../../../arm-none-eabi/lib/thumb/v7e-m/fpv4-sp/hard\libc_nano.a(lib_a-mlock.o)
                0x0800acc0                __malloc_lock
 .text.__malloc_unlock
                0x0800acc2        0x2 c:/users/taisu/.platformio/packages/toolchain-gccarmnoneeabi@1.70201.0/bin/../lib/gcc/arm-none-eabi/7.2.1/../../../../arm-none-eabi/lib/thumb/v7e-m/fpv4-sp/hard\libc_nano.a(lib_a-mlock.o)
                0x0800acc2                __malloc_unlock
 .text._realloc_r
                0x0800acc4       0x4c c:/users/taisu/.platformio/packages/toolchain-gccarmnoneeabi@1.70201.0/bin/../lib/gcc/arm-none-eabi/7.2.1/../../../../arm-none-eabi/lib/thumb/v7e-m/fpv4-sp/hard\libc_nano.a(lib_a-nano-reallocr.o)
                0x0800acc4                _realloc_r
 .text._malloc_usable_size_r
                0x0800ad10       0x10 c:/users/taisu/.platformio/packages/toolchain-gccarmnoneeabi@1.70201.0/bin/../lib/gcc/arm-none-eabi/7.2.1/../../../../arm-none-eabi/lib/thumb/v7e-m/fpv4-sp/hard\libc_nano.a(lib_a-nano-msizer.o)
                0x0800ad10                _malloc_usable_size_r
 .text.cosf     0x0800ad20       0x90 c:/users/taisu/.platformio/packages/toolchain-gccarmnoneeabi@1.70201.0/bin/../lib/gcc/arm-none-eabi/7.2.1/../../../../arm-none-eabi/lib/thumb/v7e-m/fpv4-sp/hard\libm.a(lib_a-sf_cos.o)
                0x0800ad20                cosf
 .text.sinf     0x0800adb0       0x94 c:/users/taisu/.platformio/packages/toolchain-gccarmnoneeabi@1.70201.0/bin/../lib/gcc/arm-none-eabi/7.2.1/../../../../arm-none-eabi/lib/thumb/v7e-m/fpv4-sp/hard\libm.a(lib_a-sf_sin.o)
                0x0800adb0                sinf
 .text.atan2f   0x0800ae44        0x4 c:/users/taisu/.platformio/packages/toolchain-gccarmnoneeabi@1.70201.0/bin/../lib/gcc/arm-none-eabi/7.2.1/../../../../arm-none-eabi/lib/thumb/v7e-m/fpv4-sp/hard\libm.a(lib_a-wf_atan2.o)
                0x0800ae44                atan2f
 .text.fmodf    0x0800ae48       0xc0 c:/users/taisu/.platformio/packages/toolchain-gccarmnoneeabi@1.70201.0/bin/../lib/gcc/arm-none-eabi/7.2.1/../../../../arm-none-eabi/lib/thumb/v7e-m/fpv4-sp/hard\libm.a(lib_a-wf_fmod.o)
                0x0800ae48                fmodf
 .text.sqrtf    0x0800af08       0xac c:/users/taisu/.platformio/packages/toolchain-gccarmnoneeabi@1.70201.0/bin/../lib/gcc/arm-none-eabi/7.2.1/../../../../arm-none-eabi/lib/thumb/v7e-m/fpv4-sp/hard\libm.a(lib_a-wf_sqrt.o)
                0x0800af08                sqrtf
 .text.__ieee754_atan2f
                0x0800afb4      0x17c c:/users/taisu/.platformio/packages/toolchain-gccarmnoneeabi@1.70201.0/bin/../lib/gcc/arm-none-eabi/7.2.1/../../../../arm-none-eabi/lib/thumb/v7e-m/fpv4-sp/hard\libm.a(lib_a-ef_atan2.o)
                0x0800afb4                __ieee754_atan2f
 .text.__ieee754_fmodf
                0x0800b130      0x12c c:/users/taisu/.platformio/packages/toolchain-gccarmnoneeabi@1.70201.0/bin/../lib/gcc/arm-none-eabi/7.2.1/../../../../arm-none-eabi/lib/thumb/v7e-m/fpv4-sp/hard\libm.a(lib_a-ef_fmod.o)
                0x0800b130                __ieee754_fmodf
 .text.__ieee754_rem_pio2f
                0x0800b25c      0x298 c:/users/taisu/.platformio/packages/toolchain-gccarmnoneeabi@1.70201.0/bin/../lib/gcc/arm-none-eabi/7.2.1/../../../../arm-none-eabi/lib/thumb/v7e-m/fpv4-sp/hard\libm.a(lib_a-ef_rem_pio2.o)
                0x0800b25c                __ieee754_rem_pio2f
 .text.__ieee754_sqrtf
                0x0800b4f4        0x8 c:/users/taisu/.platformio/packages/toolchain-gccarmnoneeabi@1.70201.0/bin/../lib/gcc/arm-none-eabi/7.2.1/../../../../arm-none-eabi/lib/thumb/v7e-m/fpv4-sp/hard\libm.a(lib_a-ef_sqrt.o)
                0x0800b4f4                __ieee754_sqrtf
 .text.__kernel_cosf
                0x0800b4fc      0x104 c:/users/taisu/.platformio/packages/toolchain-gccarmnoneeabi@1.70201.0/bin/../lib/gcc/arm-none-eabi/7.2.1/../../../../arm-none-eabi/lib/thumb/v7e-m/fpv4-sp/hard\libm.a(lib_a-kf_cos.o)
                0x0800b4fc                __kernel_cosf
 .text.__kernel_rem_pio2f
                0x0800b600      0x650 c:/users/taisu/.platformio/packages/toolchain-gccarmnoneeabi@1.70201.0/bin/../lib/gcc/arm-none-eabi/7.2.1/../../../../arm-none-eabi/lib/thumb/v7e-m/fpv4-sp/hard\libm.a(lib_a-kf_rem_pio2.o)
                0x0800b600                __kernel_rem_pio2f
 .text.__kernel_sinf
                0x0800bc50       0x90 c:/users/taisu/.platformio/packages/toolchain-gccarmnoneeabi@1.70201.0/bin/../lib/gcc/arm-none-eabi/7.2.1/../../../../arm-none-eabi/lib/thumb/v7e-m/fpv4-sp/hard\libm.a(lib_a-kf_sin.o)
                0x0800bc50                __kernel_sinf
 .text.matherr  0x0800bce0        0x4 c:/users/taisu/.platformio/packages/toolchain-gccarmnoneeabi@1.70201.0/bin/../lib/gcc/arm-none-eabi/7.2.1/../../../../arm-none-eabi/lib/thumb/v7e-m/fpv4-sp/hard\libm.a(lib_a-s_matherr.o)
                0x0800bce0                matherr
 .text.atanf    0x0800bce4      0x1a4 c:/users/taisu/.platformio/packages/toolchain-gccarmnoneeabi@1.70201.0/bin/../lib/gcc/arm-none-eabi/7.2.1/../../../../arm-none-eabi/lib/thumb/v7e-m/fpv4-sp/hard\libm.a(lib_a-sf_atan.o)
                0x0800bce4                atanf
 .text.fabsf    0x0800be88       0x10 c:/users/taisu/.platformio/packages/toolchain-gccarmnoneeabi@1.70201.0/bin/../lib/gcc/arm-none-eabi/7.2.1/../../../../arm-none-eabi/lib/thumb/v7e-m/fpv4-sp/hard\libm.a(lib_a-sf_fabs.o)
                0x0800be88                fabsf
 .text.floorf   0x0800be98       0x8c c:/users/taisu/.platformio/packages/toolchain-gccarmnoneeabi@1.70201.0/bin/../lib/gcc/arm-none-eabi/7.2.1/../../../../arm-none-eabi/lib/thumb/v7e-m/fpv4-sp/hard\libm.a(lib_a-sf_floor.o)
                0x0800be98                floorf
 .text.scalbnf  0x0800bf24       0xd0 c:/users/taisu/.platformio/packages/toolchain-gccarmnoneeabi@1.70201.0/bin/../lib/gcc/arm-none-eabi/7.2.1/../../../../arm-none-eabi/lib/thumb/v7e-m/fpv4-sp/hard\libm.a(lib_a-sf_scalbn.o)
                0x0800bf24                scalbnf
 .text.copysignf
                0x0800bff4       0x18 c:/users/taisu/.platformio/packages/toolchain-gccarmnoneeabi@1.70201.0/bin/../lib/gcc/arm-none-eabi/7.2.1/../../../../arm-none-eabi/lib/thumb/v7e-m/fpv4-sp/hard\libm.a(lib_a-sf_copysign.o)
                0x0800bff4                copysignf
 .text.Reset_Handler
                0x0800c00c       0x50 .pio\build\nucleo_g474re\libFrameworkCMSISDevice.a(startup_stm32g474xx.o)
                0x0800c00c                Reset_Handler
 .text.Default_Handler
                0x0800c05c        0x2 .pio\build\nucleo_g474re\libFrameworkCMSISDevice.a(startup_stm32g474xx.o)
                0x0800c05c                RTC_Alarm_IRQHandler
                0x0800c05c                EXTI2_IRQHandler
                0x0800c05c                TIM8_TRG_COM_IRQHandler
                0x0800c05c                TIM8_CC_IRQHandler
                0x0800c05c                HRTIM1_Master_IRQHandler
                0x0800c05c                SPI4_IRQHandler
                0x0800c05c                FDCAN3_IT0_IRQHandler
                0x0800c05c                TIM1_CC_IRQHandler
                0x0800c05c                HRTIM1_FLT_IRQHandler
                0x0800c05c                HRTIM1_TIMF_IRQHandler
                0x0800c05c                USB_HP_IRQHandler
                0x0800c05c                CORDIC_IRQHandler
                0x0800c05c                HRTIM1_TIMD_IRQHandler
                0x0800c05c                DMA2_Channel8_IRQHandler
                0x0800c05c                EXTI3_IRQHandler
                0x0800c05c                I2C3_ER_IRQHandler
                0x0800c05c                EXTI0_IRQHandler
                0x0800c05c                I2C2_EV_IRQHandler
                0x0800c05c                FPU_IRQHandler
                0x0800c05c                FDCAN1_IT1_IRQHandler
                0x0800c05c                TIM1_UP_TIM16_IRQHandler
                0x0800c05c                HRTIM1_TIME_IRQHandler
                0x0800c05c                SPI1_IRQHandler
                0x0800c05c                TIM6_DAC_IRQHandler
                0x0800c05c                HRTIM1_TIMC_IRQHandler
                0x0800c05c                TIM8_UP_IRQHandler
                0x0800c05c                DMA2_Channel2_IRQHandler
                0x0800c05c                DMA1_Channel4_IRQHandler
                0x0800c05c                TIM20_TRG_COM_IRQHandler
                0x0800c05c                USART3_IRQHandler
                0x0800c05c                DMA1_Channel7_IRQHandler
                0x0800c05c                UART5_IRQHandler
                0x0800c05c                ADC3_IRQHandler
                0x0800c05c                TIM4_IRQHandler
                0x0800c05c                DMA2_Channel1_IRQHandler
                0x0800c05c                QUADSPI_IRQHandler
                0x0800c05c                I2C1_EV_IRQHandler
                0x0800c05c                DMA1_Channel6_IRQHandler
                0x0800c05c                UART4_IRQHandler
                0x0800c05c                DMA2_Channel4_IRQHandler
                0x0800c05c                RCC_IRQHandler
                0x0800c05c                TIM20_UP_IRQHandler
                0x0800c05c                Default_Handler
                0x0800c05c                DMA2_Channel7_IRQHandler
                0x0800c05c                RTC_TAMP_LSECSS_IRQHandler
                0x0800c05c                FMAC_IRQHandler
                0x0800c05c                DMA1_Channel8_IRQHandler
                0x0800c05c                HRTIM1_TIMA_IRQHandler
                0x0800c05c                TIM7_DAC_IRQHandler
                0x0800c05c                FDCAN3_IT1_IRQHandler
                0x0800c05c                TIM5_IRQHandler
                0x0800c05c                UCPD1_IRQHandler
                0x0800c05c                I2C3_EV_IRQHandler
                0x0800c05c                EXTI9_5_IRQHandler
                0x0800c05c                RTC_WKUP_IRQHandler
                0x0800c05c                PVD_PVM_IRQHandler
                0x0800c05c                SPI2_IRQHandler
                0x0800c05c                ADC5_IRQHandler
                0x0800c05c                DMA2_Channel5_IRQHandler
                0x0800c05c                CRS_IRQHandler
                0x0800c05c                DMA1_Channel5_IRQHandler
                0x0800c05c                USB_LP_IRQHandler
                0x0800c05c                EXTI4_IRQHandler
                0x0800c05c                RNG_IRQHandler
                0x0800c05c                HRTIM1_TIMB_IRQHandler
                0x0800c05c                TIM1_TRG_COM_TIM17_IRQHandler
                0x0800c05c                FDCAN2_IT1_IRQHandler
                0x0800c05c                DMA1_Channel3_IRQHandler
                0x0800c05c                ADC4_IRQHandler
                0x0800c05c                WWDG_IRQHandler
                0x0800c05c                I2C4_EV_IRQHandler
                0x0800c05c                FDCAN2_IT0_IRQHandler
                0x0800c05c                LPUART1_IRQHandler
                0x0800c05c                DMA2_Channel6_IRQHandler
                0x0800c05c                FDCAN1_IT0_IRQHandler
                0x0800c05c                TIM2_IRQHandler
                0x0800c05c                COMP7_IRQHandler
                0x0800c05c                COMP1_2_3_IRQHandler
                0x0800c05c                EXTI1_IRQHandler
                0x0800c05c                USART2_IRQHandler
                0x0800c05c                COMP4_5_6_IRQHandler
                0x0800c05c                TIM20_BRK_IRQHandler
                0x0800c05c                I2C2_ER_IRQHandler
                0x0800c05c                TIM8_BRK_IRQHandler
                0x0800c05c                FLASH_IRQHandler
                0x0800c05c                TIM20_CC_IRQHandler
                0x0800c05c                USART1_IRQHandler
                0x0800c05c                SPI3_IRQHandler
                0x0800c05c                I2C1_ER_IRQHandler
                0x0800c05c                FMC_IRQHandler
                0x0800c05c                LPTIM1_IRQHandler
                0x0800c05c                DMAMUX_OVR_IRQHandler
                0x0800c05c                I2C4_ER_IRQHandler
                0x0800c05c                USBWakeUp_IRQHandler
                0x0800c05c                SAI1_IRQHandler
                0x0800c05c                DMA2_Channel3_IRQHandler
                0x0800c05c                TIM1_BRK_TIM15_IRQHandler
 *(.glue_7)
 .glue_7        0x0800c05e        0x0 linker stubs
 *(.glue_7t)
 .glue_7t       0x0800c05e        0x0 linker stubs
 *(.eh_frame)
 *fill*         0x0800c05e        0x2 
 .eh_frame      0x0800c060        0x0 c:/users/taisu/.platformio/packages/toolchain-gccarmnoneeabi@1.70201.0/bin/../lib/gcc/arm-none-eabi/7.2.1/thumb/v7e-m/fpv4-sp/hard/crtbegin.o
 *(.init)
 .init          0x0800c060        0x4 c:/users/taisu/.platformio/packages/toolchain-gccarmnoneeabi@1.70201.0/bin/../lib/gcc/arm-none-eabi/7.2.1/thumb/v7e-m/fpv4-sp/hard/crti.o
                0x0800c060                _init
 .init          0x0800c064        0x8 c:/users/taisu/.platformio/packages/toolchain-gccarmnoneeabi@1.70201.0/bin/../lib/gcc/arm-none-eabi/7.2.1/thumb/v7e-m/fpv4-sp/hard/crtn.o
 *(.fini)
 .fini          0x0800c06c        0x4 c:/users/taisu/.platformio/packages/toolchain-gccarmnoneeabi@1.70201.0/bin/../lib/gcc/arm-none-eabi/7.2.1/thumb/v7e-m/fpv4-sp/hard/crti.o
                0x0800c06c                _fini
 .fini          0x0800c070        0x8 c:/users/taisu/.platformio/packages/toolchain-gccarmnoneeabi@1.70201.0/bin/../lib/gcc/arm-none-eabi/7.2.1/thumb/v7e-m/fpv4-sp/hard/crtn.o
                0x0800c078                . = ALIGN (0x4)
                0x0800c078                _etext = .

.vfp11_veneer   0x0800c078        0x0
 .vfp11_veneer  0x0800c078        0x0 linker stubs

.v4_bx          0x0800c078        0x0
 .v4_bx         0x0800c078        0x0 linker stubs

.iplt           0x0800c078        0x0
 .iplt          0x0800c078        0x0 c:/users/taisu/.platformio/packages/toolchain-gccarmnoneeabi@1.70201.0/bin/../lib/gcc/arm-none-eabi/7.2.1/thumb/v7e-m/fpv4-sp/hard/crtbegin.o

.rodata         0x0800c078      0x700
                0x0800c078                . = ALIGN (0x4)
 *(.rodata)
 *(.rodata*)
 .rodata.UARTPrescTable
                0x0800c078       0x18 .pio\build\nucleo_g474re\FrameworkHALDriver\Src\stm32g4xx_hal_uart.o
                0x0800c078                UARTPrescTable
 .rodata.denominator.13479
                0x0800c090        0x8 .pio\build\nucleo_g474re\FrameworkHALDriver\Src\stm32g4xx_hal_uart_ex.o
 .rodata.numerator.13478
                0x0800c098        0x8 .pio\build\nucleo_g474re\FrameworkHALDriver\Src\stm32g4xx_hal_uart_ex.o
 .rodata.AHBPrescTable
                0x0800c0a0       0x10 .pio\build\nucleo_g474re\src\system_stm32g4xx.o
                0x0800c0a0                AHBPrescTable
 .rodata.APBPrescTable
                0x0800c0b0        0x8 .pio\build\nucleo_g474re\src\system_stm32g4xx.o
                0x0800c0b0                APBPrescTable
 .rodata._printf_float.str1.1
                0x0800c0b8       0x12 c:/users/taisu/.platformio/packages/toolchain-gccarmnoneeabi@1.70201.0/bin/../lib/gcc/arm-none-eabi/7.2.1/../../../../arm-none-eabi/lib/thumb/v7e-m/fpv4-sp/hard\libc_nano.a(lib_a-nano-vfprintf_float.o)
 .rodata._printf_i.str1.1
                0x0800c0ca       0x22 c:/users/taisu/.platformio/packages/toolchain-gccarmnoneeabi@1.70201.0/bin/../lib/gcc/arm-none-eabi/7.2.1/../../../../arm-none-eabi/lib/thumb/v7e-m/fpv4-sp/hard\libc_nano.a(lib_a-nano-vfprintf_i.o)
 .rodata._scanf_float.str1.1
                0x0800c0ec        0x5 c:/users/taisu/.platformio/packages/toolchain-gccarmnoneeabi@1.70201.0/bin/../lib/gcc/arm-none-eabi/7.2.1/../../../../arm-none-eabi/lib/thumb/v7e-m/fpv4-sp/hard\libc_nano.a(lib_a-nano-vfscanf_float.o)
 .rodata._strtod_l.str1.1
                0x0800c0f1        0x5 c:/users/taisu/.platformio/packages/toolchain-gccarmnoneeabi@1.70201.0/bin/../lib/gcc/arm-none-eabi/7.2.1/../../../../arm-none-eabi/lib/thumb/v7e-m/fpv4-sp/hard\libc_nano.a(lib_a-strtod.o)
                                  0xc (size before relaxing)
 *fill*         0x0800c0f1        0x3 
 .rodata.fpi.7431
                0x0800c0f4       0x14 c:/users/taisu/.platformio/packages/toolchain-gccarmnoneeabi@1.70201.0/bin/../lib/gcc/arm-none-eabi/7.2.1/../../../../arm-none-eabi/lib/thumb/v7e-m/fpv4-sp/hard\libc_nano.a(lib_a-strtod.o)
 .rodata.fpinan.7467
                0x0800c108       0x14 c:/users/taisu/.platformio/packages/toolchain-gccarmnoneeabi@1.70201.0/bin/../lib/gcc/arm-none-eabi/7.2.1/../../../../arm-none-eabi/lib/thumb/v7e-m/fpv4-sp/hard\libc_nano.a(lib_a-strtod.o)
 *fill*         0x0800c11c        0x4 
 .rodata.tinytens
                0x0800c120       0x28 c:/users/taisu/.platformio/packages/toolchain-gccarmnoneeabi@1.70201.0/bin/../lib/gcc/arm-none-eabi/7.2.1/../../../../arm-none-eabi/lib/thumb/v7e-m/fpv4-sp/hard\libc_nano.a(lib_a-strtod.o)
 .rodata._dtoa_r.str1.1
                0x0800c148        0xd c:/users/taisu/.platformio/packages/toolchain-gccarmnoneeabi@1.70201.0/bin/../lib/gcc/arm-none-eabi/7.2.1/../../../../arm-none-eabi/lib/thumb/v7e-m/fpv4-sp/hard\libc_nano.a(lib_a-dtoa.o)
                                  0xf (size before relaxing)
 .rodata._setlocale_r.str1.1
                0x0800c155        0x8 c:/users/taisu/.platformio/packages/toolchain-gccarmnoneeabi@1.70201.0/bin/../lib/gcc/arm-none-eabi/7.2.1/../../../../arm-none-eabi/lib/thumb/v7e-m/fpv4-sp/hard\libc_nano.a(lib_a-locale.o)
                                  0x9 (size before relaxing)
 .rodata.str1.1
                0x0800c15d        0x2 c:/users/taisu/.platformio/packages/toolchain-gccarmnoneeabi@1.70201.0/bin/../lib/gcc/arm-none-eabi/7.2.1/../../../../arm-none-eabi/lib/thumb/v7e-m/fpv4-sp/hard\libc_nano.a(lib_a-locale.o)
 *fill*         0x0800c15f        0x1 
 .rodata.__mprec_bigtens
                0x0800c160       0x28 c:/users/taisu/.platformio/packages/toolchain-gccarmnoneeabi@1.70201.0/bin/../lib/gcc/arm-none-eabi/7.2.1/../../../../arm-none-eabi/lib/thumb/v7e-m/fpv4-sp/hard\libc_nano.a(lib_a-mprec.o)
                0x0800c160                __mprec_bigtens
 .rodata.__mprec_tens
                0x0800c188       0xc8 c:/users/taisu/.platformio/packages/toolchain-gccarmnoneeabi@1.70201.0/bin/../lib/gcc/arm-none-eabi/7.2.1/../../../../arm-none-eabi/lib/thumb/v7e-m/fpv4-sp/hard\libc_nano.a(lib_a-mprec.o)
                0x0800c188                __mprec_tens
 .rodata.p05.7359
                0x0800c250        0xc c:/users/taisu/.platformio/packages/toolchain-gccarmnoneeabi@1.70201.0/bin/../lib/gcc/arm-none-eabi/7.2.1/../../../../arm-none-eabi/lib/thumb/v7e-m/fpv4-sp/hard\libc_nano.a(lib_a-mprec.o)
 .rodata._svfprintf_r.str1.1
                0x0800c25c       0x11 c:/users/taisu/.platformio/packages/toolchain-gccarmnoneeabi@1.70201.0/bin/../lib/gcc/arm-none-eabi/7.2.1/../../../../arm-none-eabi/lib/thumb/v7e-m/fpv4-sp/hard\libc_nano.a(lib_a-nano-svfprintf.o)
 .rodata._ctype_
                0x0800c26d      0x101 c:/users/taisu/.platformio/packages/toolchain-gccarmnoneeabi@1.70201.0/bin/../lib/gcc/arm-none-eabi/7.2.1/../../../../arm-none-eabi/lib/thumb/v7e-m/fpv4-sp/hard\libc_nano.a(lib_a-ctype_.o)
                0x0800c26d                _ctype_
 *fill*         0x0800c36e        0x2 
 .rodata.fmodf.str1.4
                0x0800c370        0x6 c:/users/taisu/.platformio/packages/toolchain-gccarmnoneeabi@1.70201.0/bin/../lib/gcc/arm-none-eabi/7.2.1/../../../../arm-none-eabi/lib/thumb/v7e-m/fpv4-sp/hard\libm.a(lib_a-wf_fmod.o)
 *fill*         0x0800c376        0x2 
 .rodata.sqrtf.str1.4
                0x0800c378        0x8 c:/users/taisu/.platformio/packages/toolchain-gccarmnoneeabi@1.70201.0/bin/../lib/gcc/arm-none-eabi/7.2.1/../../../../arm-none-eabi/lib/thumb/v7e-m/fpv4-sp/hard\libm.a(lib_a-wf_sqrt.o)
                                  0x6 (size before relaxing)
 .rodata.Zero   0x0800c380        0x8 c:/users/taisu/.platformio/packages/toolchain-gccarmnoneeabi@1.70201.0/bin/../lib/gcc/arm-none-eabi/7.2.1/../../../../arm-none-eabi/lib/thumb/v7e-m/fpv4-sp/hard\libm.a(lib_a-ef_fmod.o)
 .rodata.npio2_hw
                0x0800c388       0x80 c:/users/taisu/.platformio/packages/toolchain-gccarmnoneeabi@1.70201.0/bin/../lib/gcc/arm-none-eabi/7.2.1/../../../../arm-none-eabi/lib/thumb/v7e-m/fpv4-sp/hard\libm.a(lib_a-ef_rem_pio2.o)
 .rodata.two_over_pi
                0x0800c408      0x318 c:/users/taisu/.platformio/packages/toolchain-gccarmnoneeabi@1.70201.0/bin/../lib/gcc/arm-none-eabi/7.2.1/../../../../arm-none-eabi/lib/thumb/v7e-m/fpv4-sp/hard\libm.a(lib_a-ef_rem_pio2.o)
 .rodata.PIo2   0x0800c720       0x2c c:/users/taisu/.platformio/packages/toolchain-gccarmnoneeabi@1.70201.0/bin/../lib/gcc/arm-none-eabi/7.2.1/../../../../arm-none-eabi/lib/thumb/v7e-m/fpv4-sp/hard\libm.a(lib_a-kf_rem_pio2.o)
 .rodata.init_jk
                0x0800c74c        0xc c:/users/taisu/.platformio/packages/toolchain-gccarmnoneeabi@1.70201.0/bin/../lib/gcc/arm-none-eabi/7.2.1/../../../../arm-none-eabi/lib/thumb/v7e-m/fpv4-sp/hard\libm.a(lib_a-kf_rem_pio2.o)
 .rodata.atanhi
                0x0800c758       0x10 c:/users/taisu/.platformio/packages/toolchain-gccarmnoneeabi@1.70201.0/bin/../lib/gcc/arm-none-eabi/7.2.1/../../../../arm-none-eabi/lib/thumb/v7e-m/fpv4-sp/hard\libm.a(lib_a-sf_atan.o)
 .rodata.atanlo
                0x0800c768       0x10 c:/users/taisu/.platformio/packages/toolchain-gccarmnoneeabi@1.70201.0/bin/../lib/gcc/arm-none-eabi/7.2.1/../../../../arm-none-eabi/lib/thumb/v7e-m/fpv4-sp/hard\libm.a(lib_a-sf_atan.o)
                0x0800c778                . = ALIGN (0x4)

.ARM.extab      0x0800c778        0x0
                0x0800c778                . = ALIGN (0x4)
 *(.ARM.extab* .gnu.linkonce.armextab.*)
                0x0800c778                . = ALIGN (0x4)

.ARM            0x0800c778        0x8
                0x0800c778                . = ALIGN (0x4)
                0x0800c778                __exidx_start = .
 *(.ARM.exidx*)
 .ARM.exidx     0x0800c778        0x8 c:/users/taisu/.platformio/packages/toolchain-gccarmnoneeabi@1.70201.0/bin/../lib/gcc/arm-none-eabi/7.2.1/thumb/v7e-m/fpv4-sp/hard\libgcc.a(_udivmoddi4.o)
                0x0800c780                __exidx_end = .
                0x0800c780                . = ALIGN (0x4)

.rel.dyn        0x0800c780        0x0
 .rel.iplt      0x0800c780        0x0 c:/users/taisu/.platformio/packages/toolchain-gccarmnoneeabi@1.70201.0/bin/../lib/gcc/arm-none-eabi/7.2.1/thumb/v7e-m/fpv4-sp/hard/crtbegin.o

.preinit_array  0x0800c780        0x0
                0x0800c780                . = ALIGN (0x4)
                0x0800c780                PROVIDE (__preinit_array_start, .)
 *(.preinit_array*)
                0x0800c780                PROVIDE (__preinit_array_end, .)
                0x0800c780                . = ALIGN (0x4)

.init_array     0x0800c780        0x4
                0x0800c780                . = ALIGN (0x4)
                0x0800c780                PROVIDE (__init_array_start, .)
 *(SORT_BY_NAME(.init_array.*))
 *(.init_array*)
 .init_array    0x0800c780        0x4 c:/users/taisu/.platformio/packages/toolchain-gccarmnoneeabi@1.70201.0/bin/../lib/gcc/arm-none-eabi/7.2.1/thumb/v7e-m/fpv4-sp/hard/crtbegin.o
                0x0800c784                PROVIDE (__init_array_end, .)
                0x0800c784                . = ALIGN (0x4)

.fini_array     0x0800c784        0x4
                0x0800c784                . = ALIGN (0x4)
                [!provide]                PROVIDE (__fini_array_start, .)
 *(SORT_BY_NAME(.fini_array.*))
 *(.fini_array*)
 .fini_array    0x0800c784        0x4 c:/users/taisu/.platformio/packages/toolchain-gccarmnoneeabi@1.70201.0/bin/../lib/gcc/arm-none-eabi/7.2.1/thumb/v7e-m/fpv4-sp/hard/crtbegin.o
                [!provide]                PROVIDE (__fini_array_end, .)
                0x0800c788                . = ALIGN (0x4)
                0x0800c788                _sidata = LOADADDR (.data)

.data           0x20000000      0x1e0 load address 0x0800c788
                0x20000000                . = ALIGN (0x4)
                0x20000000                _sdata = .
 *(.data)
 *(.data*)
 .data.uwTickFreq
                0x20000000        0x4 .pio\build\nucleo_g474re\FrameworkHALDriver\Src\stm32g4xx_hal.o
                0x20000000                uwTickFreq
 .data.uwTickPrio
                0x20000004        0x4 .pio\build\nucleo_g474re\FrameworkHALDriver\Src\stm32g4xx_hal.o
                0x20000004                uwTickPrio
 .data.SystemCoreClock
                0x20000008        0x4 .pio\build\nucleo_g474re\src\system_stm32g4xx.o
                0x20000008                SystemCoreClock
 .data._impure_ptr
                0x2000000c        0x4 c:/users/taisu/.platformio/packages/toolchain-gccarmnoneeabi@1.70201.0/bin/../lib/gcc/arm-none-eabi/7.2.1/../../../../arm-none-eabi/lib/thumb/v7e-m/fpv4-sp/hard\libc_nano.a(lib_a-impure.o)
                0x2000000c                _impure_ptr
 .data.impure_data
                0x20000010       0x60 c:/users/taisu/.platformio/packages/toolchain-gccarmnoneeabi@1.70201.0/bin/../lib/gcc/arm-none-eabi/7.2.1/../../../../arm-none-eabi/lib/thumb/v7e-m/fpv4-sp/hard\libc_nano.a(lib_a-impure.o)
 .data.__global_locale
                0x20000070      0x16c c:/users/taisu/.platformio/packages/toolchain-gccarmnoneeabi@1.70201.0/bin/../lib/gcc/arm-none-eabi/7.2.1/../../../../arm-none-eabi/lib/thumb/v7e-m/fpv4-sp/hard\libc_nano.a(lib_a-locale.o)
                0x20000070                __global_locale
 .data.__fdlib_version
                0x200001dc        0x1 c:/users/taisu/.platformio/packages/toolchain-gccarmnoneeabi@1.70201.0/bin/../lib/gcc/arm-none-eabi/7.2.1/../../../../arm-none-eabi/lib/thumb/v7e-m/fpv4-sp/hard\libm.a(lib_a-s_lib_ver.o)
                0x200001dc                __fdlib_version
 *(.RamFunc)
 *(.RamFunc*)
                0x200001e0                . = ALIGN (0x4)
 *fill*         0x200001dd        0x3 
                0x200001e0                _edata = .

.igot.plt       0x200001e0        0x0 load address 0x0800c968
 .igot.plt      0x200001e0        0x0 c:/users/taisu/.platformio/packages/toolchain-gccarmnoneeabi@1.70201.0/bin/../lib/gcc/arm-none-eabi/7.2.1/thumb/v7e-m/fpv4-sp/hard/crtbegin.o
                0x200001e0                . = ALIGN (0x4)

.bss            0x200001e0      0x3fc load address 0x0800c968
                0x200001e0                _sbss = .
                0x200001e0                __bss_start__ = _sbss
 *(.bss)
 .bss           0x200001e0       0x1c c:/users/taisu/.platformio/packages/toolchain-gccarmnoneeabi@1.70201.0/bin/../lib/gcc/arm-none-eabi/7.2.1/thumb/v7e-m/fpv4-sp/hard/crtbegin.o
 *(.bss*)
 .bss.gDutyRef  0x200001fc        0x4 .pio\build\nucleo_g474re\src\GlogalVariables.o
                0x200001fc                gDutyRef
 .bss.gElectFreq
                0x20000200        0x4 .pio\build\nucleo_g474re\src\GlogalVariables.o
                0x20000200                gElectFreq
 .bss.gInitCnt  0x20000204        0x2 .pio\build\nucleo_g474re\src\GlogalVariables.o
                0x20000204                gInitCnt
 *fill*         0x20000206        0x2 
 .bss.gTheta    0x20000208        0x4 .pio\build\nucleo_g474re\src\GlogalVariables.o
                0x20000208                gTheta
 .bss.sElectAngVeloEstimate
                0x2000020c        0x4 .pio\build\nucleo_g474re\src\SixsStep.o
 .bss.sElectAngleActual
                0x20000210        0x4 .pio\build\nucleo_g474re\src\SixsStep.o
 .bss.sElectAngleActual_pre
                0x20000214        0x4 .pio\build\nucleo_g474re\src\SixsStep.o
 .bss.sElectAngleEstimate
                0x20000218        0x4 .pio\build\nucleo_g474re\src\SixsStep.o
 .bss.sFlgPLL   0x2000021c        0x1 .pio\build\nucleo_g474re\src\SixsStep.o
 *fill*         0x2000021d        0x3 
 .bss.sIntegral_ElectAngleErr_Ki
                0x20000220        0x4 .pio\build\nucleo_g474re\src\SixsStep.o
 .bss.sNoInputCaptureCnt
                0x20000224        0x2 .pio\build\nucleo_g474re\src\SixsStep.o
 .bss.sRotDir   0x20000226        0x1 .pio\build\nucleo_g474re\src\SixsStep.o
 .bss.sVoltageMode
                0x20000227        0x1 .pio\build\nucleo_g474re\src\SixsStep.o
 .bss.sIab      0x20000228        0x8 .pio\build\nucleo_g474re\src\VectorControl.o
 .bss.sIdq      0x20000230        0x8 .pio\build\nucleo_g474re\src\VectorControl.o
 .bss.sVab      0x20000238        0x8 .pio\build\nucleo_g474re\src\VectorControl.o
 .bss.sVamp     0x20000240        0x4 .pio\build\nucleo_g474re\src\VectorControl.o
 .bss.sVdq      0x20000244        0x8 .pio\build\nucleo_g474re\src\VectorControl.o
 .bss.sVdq_i    0x2000024c        0x8 .pio\build\nucleo_g474re\src\VectorControl.o
 .bss.sVuvw     0x20000254        0xc .pio\build\nucleo_g474re\src\VectorControl.o
 .bss.Difference
                0x20000260        0x4 .pio\build\nucleo_g474re\src\main.o
                0x20000260                Difference
 .bss.IC_Val1   0x20000264        0x4 .pio\build\nucleo_g474re\src\main.o
                0x20000264                IC_Val1
 .bss.IC_Val2   0x20000268        0x4 .pio\build\nucleo_g474re\src\main.o
                0x20000268                IC_Val2
 .bss.Is_First_Captured
                0x2000026c        0x4 .pio\build\nucleo_g474re\src\main.o
                0x2000026c                Is_First_Captured
 .bss.gPropoDuty
                0x20000270        0x4 .pio\build\nucleo_g474re\src\main.o
                0x20000270                gPropoDuty
 .bss.__sbrk_heap_end
                0x20000274        0x4 .pio\build\nucleo_g474re\src\sysmem.o
 .bss.__malloc_free_list
                0x20000278        0x4 c:/users/taisu/.platformio/packages/toolchain-gccarmnoneeabi@1.70201.0/bin/../lib/gcc/arm-none-eabi/7.2.1/../../../../arm-none-eabi/lib/thumb/v7e-m/fpv4-sp/hard\libc_nano.a(lib_a-nano-mallocr.o)
                0x20000278                __malloc_free_list
 .bss.__malloc_sbrk_start
                0x2000027c        0x4 c:/users/taisu/.platformio/packages/toolchain-gccarmnoneeabi@1.70201.0/bin/../lib/gcc/arm-none-eabi/7.2.1/../../../../arm-none-eabi/lib/thumb/v7e-m/fpv4-sp/hard\libc_nano.a(lib_a-nano-mallocr.o)
                0x2000027c                __malloc_sbrk_start
 *(COMMON)
 COMMON         0x20000280        0x4 .pio\build\nucleo_g474re\FrameworkHALDriver\Src\stm32g4xx_hal.o
                0x20000280                uwTick
 COMMON         0x20000284       0x54 .pio\build\nucleo_g474re\src\GlogalVariables.o
                0x20000284                gInputCaptureCnt
                0x20000288                gIuvw
                0x20000294                gTIMCounter_pre
                0x20000298                gDuty
                0x200002a4                gAdcValue
                0x200002a8                gHall
                0x200002ac                gTwoDivVdc
                0x200002b0                gIuvw_AD
                0x200002b8                gTheta_DAC
                0x200002bc                gElectAngVelo
                0x200002c0                gDrvMode
                0x200002c1                gButton1
                0x200002c4                gVolume
                0x200002c8                gInputCaptureCnt_pre
                0x200002cc                gVdc
                0x200002d0                gOutputMode
                0x200002d3                gPosMode
                0x200002d4                gTIMCounter
 COMMON         0x200002d8       0xcc .pio\build\nucleo_g474re\src\adc.o
                0x200002d8                hadc1
                0x20000344                hdma_adc1
 COMMON         0x200003a4       0x74 .pio\build\nucleo_g474re\src\dac.o
                0x200003a4                hdac1
                0x200003b8                hdma_dac1_ch1
 COMMON         0x20000418      0x174 .pio\build\nucleo_g474re\src\main.o
                0x20000418                hlpuart1
                0x200004a8                htim1
                0x200004f4                htim2
                0x20000540                htim7